Archive member included to satisfy reference by file (symbol)

/Applications/VEXcode Pro V5.app/Contents/Resources/sdk/vexv5/libv5rt.a(v5_startup.c.obj)
                              (vexStartup)
/Applications/VEXcode Pro V5.app/Contents/Resources/sdk/vexv5/libv5rt.a(v5_util.c.obj)
                              /Applications/VEXcode Pro V5.app/Contents/Resources/sdk/vexv5/libv5rt.a(v5_startup.c.obj) (vexStdlibVersionLinked)
/Applications/VEXcode Pro V5.app/Contents/Resources/sdk/vexv5/libv5rt.a(v5_apijump.c.obj)
                              /Applications/VEXcode Pro V5.app/Contents/Resources/sdk/vexv5/libv5rt.a(v5_startup.c.obj) (vexPrivateApiEnable)
/Applications/VEXcode Pro V5.app/Contents/Resources/sdk/vexv5/libv5rt.a(v5_apiversions.c.obj)
                              /Applications/VEXcode Pro V5.app/Contents/Resources/sdk/vexv5/libv5rt.a(v5_apijump.c.obj) (vexSystemVersion)
/Applications/VEXcode Pro V5.app/Contents/Resources/sdk/vexv5/libv5rt.a(vex_global.cpp.obj)
                              build/src/auton.o (vex::wait(double, vex::timeUnits))
/Applications/VEXcode Pro V5.app/Contents/Resources/sdk/vexv5/libv5rt.a(vex_motor.cpp.obj)
                              build/src/robot-config.o (vex::motor::~motor())
/Applications/VEXcode Pro V5.app/Contents/Resources/sdk/vexv5/libv5rt.a(vex_imu.cpp.obj)
                              build/src/robot-config.o (vex::inertial::~inertial())
/Applications/VEXcode Pro V5.app/Contents/Resources/sdk/vexv5/libv5rt.a(vex_rotation.cpp.obj)
                              build/src/robot-config.o (vex::rotation::~rotation())
/Applications/VEXcode Pro V5.app/Contents/Resources/sdk/vexv5/libv5rt.a(vex_distance.cpp.obj)
                              build/src/robot-config.o (vex::distance::~distance())
/Applications/VEXcode Pro V5.app/Contents/Resources/sdk/vexv5/libv5rt.a(vex_controller.cpp.obj)
                              build/src/robot-config.o (vex::controller::~controller())
/Applications/VEXcode Pro V5.app/Contents/Resources/sdk/vexv5/libv5rt.a(vex_task.cpp.obj)
                              build/src/auton.o (vex::task::task(int (*)()))
/Applications/VEXcode Pro V5.app/Contents/Resources/sdk/vexv5/libv5rt.a(vex_thread.cpp.obj)
                              /Applications/VEXcode Pro V5.app/Contents/Resources/sdk/vexv5/libv5rt.a(vex_global.cpp.obj) (vex::this_thread::sleep_for(unsigned long))
/Applications/VEXcode Pro V5.app/Contents/Resources/sdk/vexv5/libv5rt.a(vex_event.cpp.obj)
                              /Applications/VEXcode Pro V5.app/Contents/Resources/sdk/vexv5/libv5rt.a(vex_imu.cpp.obj) (vex::event::init(unsigned long, unsigned long, void (*)()))
/Applications/VEXcode Pro V5.app/Contents/Resources/sdk/vexv5/libv5rt.a(vex_mevent.cpp.obj)
                              /Applications/VEXcode Pro V5.app/Contents/Resources/sdk/vexv5/libv5rt.a(vex_controller.cpp.obj) (vex::mevent::mevent(unsigned long, unsigned long))
/Applications/VEXcode Pro V5.app/Contents/Resources/sdk/vexv5/libv5rt.a(vex_brain.cpp.obj)
                              build/src/auton.o (vex::brain::lcd::setCursor(long, long))
/Applications/VEXcode Pro V5.app/Contents/Resources/sdk/vexv5/libv5rt.a(vex_competition.cpp.obj)
                              build/src/main.o (vex::competition::competition())
/Applications/VEXcode Pro V5.app/Contents/Resources/sdk/vexv5/libv5rt.a(vex_triport.cpp.obj)
                              build/src/robot-config.o (vex::triport::~triport())
/Applications/VEXcode Pro V5.app/Contents/Resources/sdk/vexv5/libv5rt.a(vex_color.cpp.obj)
                              /Applications/VEXcode Pro V5.app/Contents/Resources/sdk/vexv5/libv5rt.a(vex_brain.cpp.obj) (vex::color::operator unsigned long() const)
/Applications/VEXcode Pro V5.app/Contents/Resources/sdk/vexv5/libv5rt.a(vex_timer.cpp.obj)
                              /Applications/VEXcode Pro V5.app/Contents/Resources/sdk/vexv5/libv5rt.a(vex_brain.cpp.obj) (vex::timer::~timer())
/Applications/VEXcode Pro V5.app/Contents/Resources/sdk/vexv5/libv5rt.a(vex_motorgroup.cpp.obj)
                              build/src/robot-config.o (vex::motor_group::motor_group())
/Applications/VEXcode Pro V5.app/Contents/Resources/sdk/vexv5/libv5rt.a(v5_apiuser.c.obj)
                              /Applications/VEXcode Pro V5.app/Contents/Resources/sdk/vexv5/libv5rt.a(vex_triport.cpp.obj) (vexAdiPortConfigSet)
/Applications/VEXcode Pro V5.app/Contents/Resources/sdk/vexv5/libv5rt.a(vex_device.cpp.obj)
                              /Applications/VEXcode Pro V5.app/Contents/Resources/sdk/vexv5/libv5rt.a(vex_motor.cpp.obj) (vex::device::~device())
/Applications/VEXcode Pro V5.app/Contents/Resources/sdk/vexv5/gcc/libs/libc.a(lib_a-aeabi_memmove-soft.o)
                              build/src/pure-pursuit/pure-pursuit.o (__aeabi_memmove4)
/Applications/VEXcode Pro V5.app/Contents/Resources/sdk/vexv5/gcc/libs/libc.a(lib_a-fini.o)
[...]
Memory Configuration

Name             Origin             Length             Attributes
ps7_ddr_0_S_AXI_BASEADDR 0x0000000003800000 0x0000000004800000
*default*        0x0000000000000000 0xffffffffffffffff

Linker script and memory map

                0x0000000000002000                _STACK_SIZE = DEFINED (_STACK_SIZE)?_STACK_SIZE:0x2000
                0x0000000000100000                _HEAP_SIZE = DEFINED (_HEAP_SIZE)?_HEAP_SIZE:0x100000
                0x0000000000000400                _ABORT_STACK_SIZE = DEFINED (_ABORT_STACK_SIZE)?_ABORT_STACK_SIZE:0x400
                0x0000000000000800                _SUPERVISOR_STACK_SIZE = DEFINED (_SUPERVISOR_STACK_SIZE)?_SUPERVISOR_STACK_SIZE:0x800
                0x0000000000000400                _IRQ_STACK_SIZE = DEFINED (_IRQ_STACK_SIZE)?_IRQ_STACK_SIZE:0x400
                0x0000000000000400                _FIQ_STACK_SIZE = DEFINED (_FIQ_STACK_SIZE)?_FIQ_STACK_SIZE:0x400
                0x0000000000000400                _UNDEF_STACK_SIZE = DEFINED (_UNDEF_STACK_SIZE)?_UNDEF_STACK_SIZE:0x400

.text           0x0000000003800000     0xb138
 *(.vectors)
 *(.boot_data)
 .boot_data     0x0000000003800000       0x20 /Applications/VEXcode Pro V5.app/Contents/Resources/sdk/vexv5/libv5rt.a(v5_startup.c.obj)
                0x0000000003800000                vexCodeSig
                0x0000000000000020                . = 0x20
 *(.boot)
 .boot          0x0000000003800020       0xbc /Applications/VEXcode Pro V5.app/Contents/Resources/sdk/vexv5/libv5rt.a(v5_startup.c.obj)
                0x0000000003800020                vexStartup
                0x0000000003800100                . = ALIGN (0x40)
 *fill*         0x00000000038000dc       0x24 
 *(.freertos_vectors)
 *(.text)
 .text          0x0000000003800100       0x3a /Applications/VEXcode Pro V5.app/Contents/Resources/sdk/vexv5/gcc/libs/libc.a(lib_a-aeabi_memmove-soft.o)
                0x0000000003800100                __aeabi_memmove8
                0x0000000003800100                __aeabi_memmove4
                0x0000000003800100                __aeabi_memmove
 *(.text.*)
 *fill*         0x000000000380013a        0x2 
 .text._ZNSt6vectorIdSaIdEEC2ESt16initializer_listIdERKS0_
                0x000000000380013c       0x58 build/src/auton.o
                0x000000000380013c                std::vector<double, std::allocator<double> >::vector(std::initializer_list<double>, std::allocator<double> const&)
 .text._ZN5PointC2ESt6vectorIdSaIdEE
                0x0000000003800194       0x54 build/src/auton.o
                0x0000000003800194                Point::Point(std::vector<double, std::allocator<double> >)
 .text._ZN4PathD2Ev
                0x00000000038001e8        0x4 build/src/auton.o
                0x00000000038001e8                Path::~Path()
 .text._ZNSt6vectorI4PathSaIS0_EED2Ev
                0x00000000038001ec       0x44 build/src/auton.o
                0x00000000038001ec                std::vector<Path, std::allocator<Path> >::~vector()
 .text._Z10brainPrintv
                0x0000000003800230      0x228 build/src/auton.o
                0x0000000003800230                brainPrint()
 .text._Z10skillsAutov
                0x0000000003800458       0xb0 build/src/auton.o
                0x0000000003800458                skillsAuto()
 .text._ZNSt11_Deque_baseI5PointSaIS0_EE17_M_initialize_mapEj
                0x0000000003800508       0xc4 build/src/auton.o
                0x0000000003800508                std::_Deque_base<Point, std::allocator<Point> >::_M_initialize_map(unsigned int)
 .text._ZNSt11_Deque_baseI5PointSaIS0_EED2Ev
                0x00000000038005cc       0x50 build/src/auton.o
                0x00000000038005cc                std::_Deque_base<Point, std::allocator<Point> >::~_Deque_base()
 .text._ZNSt12_Vector_baseIdSaIdEE11_M_allocateEj
                0x000000000380061c       0x30 build/src/auton.o
                0x000000000380061c                std::_Vector_base<double, std::allocator<double> >::_M_allocate(unsigned int)
 .text._GLOBAL__sub_I_auton.cpp
                0x000000000380064c      0x2f0 build/src/auton.o
 .text._Z14FrontClampOpenv
                0x000000000380093c       0x10 build/src/main.o
                0x000000000380093c                FrontClampOpen()
 .text._Z15FrontClampClosev
                0x000000000380094c       0x10 build/src/main.o
                0x000000000380094c                FrontClampClose()
 .text._Z17BackTilterRetractv
                0x000000000380095c       0x10 build/src/main.o
                0x000000000380095c                BackTilterRetract()
 .text._Z16BackTilterExtendv
                0x000000000380096c       0x10 build/src/main.o
                0x000000000380096c                BackTilterExtend()
 .text._Z14BackClampClosev
                0x000000000380097c       0x10 build/src/main.o
                0x000000000380097c                BackClampClose()
 .text._Z13BackClampOpenv
                0x000000000380098c       0x10 build/src/main.o
                0x000000000380098c                BackClampOpen()
 .text._Z10swapRingOnv
                0x000000000380099c       0x18 build/src/main.o
                0x000000000380099c                swapRingOn()
 .text._Z17swapRingDirectionv
                0x00000000038009b4       0x18 build/src/main.o
                0x00000000038009b4                swapRingDirection()
 .text._Z10RingIntakev
                0x00000000038009cc       0x98 build/src/main.o
                0x00000000038009cc                RingIntake()
 .text._Z10autonomousv
                0x0000000003800a64        0x4 build/src/main.o
                0x0000000003800a64                autonomous()
 .text._Z11usercontrolv
                0x0000000003800a68      0x57c build/src/main.o
                0x0000000003800a68                usercontrol()
 *fill*         0x0000000003800fe4        0x4 
 .text.main     0x0000000003800fe8       0x68 build/src/main.o
                0x0000000003800fe8                main
 .text._GLOBAL__sub_I_main.cpp
                0x0000000003801050      0x260 build/src/main.o
 .text._Z11vexcodeInitv
                0x00000000038012b0        0x4 build/src/robot-config.o
                0x00000000038012b0                vexcodeInit()
 .text._GLOBAL__sub_I_robot_config.cpp
                0x00000000038012b4      0x49c build/src/robot-config.o
 .text._Z8initOdomv
                0x0000000003801750      0x19c build/src/odom/odom.o
                0x0000000003801750                initOdom()
 *fill*         0x00000000038018ec        0x4 
 .text._Z12getWheelValsv
                0x00000000038018f0      0x148 build/src/odom/odom.o
                0x00000000038018f0                getWheelVals()
 .text._Z4odomv
                0x0000000003801a38      0x1a0 build/src/odom/odom.o
                0x0000000003801a38                odom()
 .text._GLOBAL__sub_I_odom.cpp
                0x0000000003801bd8       0x70 build/src/odom/odom.o
 .text._Z8DrivePIDv
                0x0000000003801c48      0x358 build/src/pid/pid-controller.o
                0x0000000003801c48                DrivePID()
 .text._GLOBAL__sub_I_pid_controller.cpp
                0x0000000003801fa0       0x7c build/src/pid/pid-controller.o
 .text._Z8initPurev
                0x000000000380201c      0x184 build/src/pure-pursuit/pure-pursuit.o
                0x000000000380201c                initPure()
 .text._ZNKSt5dequeI5PointSaIS0_EE4sizeEv
                0x00000000038021a0       0x54 build/src/pure-pursuit/pure-pursuit.o
                0x00000000038021a0                std::deque<Point, std::allocator<Point> >::size() const
 .text._Z16findClosestPointv
                0x00000000038021f4      0x230 build/src/pure-pursuit/pure-pursuit.o
                0x00000000038021f4                findClosestPoint()
 *fill*         0x0000000003802424        0x4 
 .text._Z18findLookaheadPointv
                0x0000000003802428      0x8f0 build/src/pure-pursuit/pure-pursuit.o
                0x0000000003802428                findLookaheadPoint()
 .text._Z15calcFractionalT4Path5Pointdd
                0x0000000003802d18      0x48c build/src/pure-pursuit/pure-pursuit.o
                0x0000000003802d18                calcFractionalT(Path, Point, double, double)
 *fill*         0x00000000038031a4        0x4 
 .text._ZN6VectorC2E5PointS0_
                0x00000000038031a8      0x368 build/src/pure-pursuit/pure-pursuit.o
                0x00000000038031a8                Vector::Vector(Point, Point)
 .text._ZN5Point14setCoordinatesESt6vectorIdSaIdEE
                0x0000000003803510       0x54 build/src/pure-pursuit/pure-pursuit.o
                0x0000000003803510                Point::setCoordinates(std::vector<double, std::allocator<double> >)
 .text._Z13findCurvaturev
                0x0000000003803564      0x1a4 build/src/pure-pursuit/pure-pursuit.o
                0x0000000003803564                findCurvature()
 .text._Z24calculateWheelVelocitiesv
                0x0000000003803708       0xd8 build/src/pure-pursuit/pure-pursuit.o
                0x0000000003803708                calculateWheelVelocities()
 .text._Z7addPath4Path
                0x00000000038037e0       0x6c build/src/pure-pursuit/pure-pursuit.o
                0x00000000038037e0                addPath(Path)
 *fill*         0x000000000380384c        0x4 
 .text._Z13FillPointVals4Path
                0x0000000003803850      0x558 build/src/pure-pursuit/pure-pursuit.o
                0x0000000003803850                FillPointVals(Path)
 .text._Z18GenerateSmoothPath4Path
                0x0000000003803da8      0xb1c build/src/pure-pursuit/pure-pursuit.o
                0x0000000003803da8                GenerateSmoothPath(Path)
 .text._ZNSt6vectorI4PathSaIS0_EE9push_backERKS0_
                0x00000000038048c4       0x3c build/src/pure-pursuit/pure-pursuit.o
                0x00000000038048c4                std::vector<Path, std::allocator<Path> >::push_back(Path const&)
 .text._Z19PreAutonPurePursuitv
                0x0000000003804900      0x2dc build/src/pure-pursuit/pure-pursuit.o
                0x0000000003804900                PreAutonPurePursuit()
 .text._Z7RunOdomv
                0x0000000003804bdc       0x58 build/src/pure-pursuit/pure-pursuit.o
                0x0000000003804bdc                RunOdom()
 .text._Z10FollowPathv
                0x0000000003804c34       0x64 build/src/pure-pursuit/pure-pursuit.o
                0x0000000003804c34                FollowPath()
 .text._Z13setPathMotioni
                0x0000000003804c98       0x5c build/src/pure-pursuit/pure-pursuit.o
                0x0000000003804c98                setPathMotion(int)
 .text._ZNKSt5dequeI5PointSaIS0_EE14_M_range_checkEj
                0x0000000003804cf4       0x6c build/src/pure-pursuit/pure-pursuit.o
                0x0000000003804cf4                std::deque<Point, std::allocator<Point> >::_M_range_check(unsigned int) const
 .text._ZNKSt15_Deque_iteratorI5PointRS0_PS0_EplEi
                0x0000000003804d60       0x9c build/src/pure-pursuit/pure-pursuit.o
                0x0000000003804d60                std::_Deque_iterator<Point, Point&, Point*>::operator+(int) const
 .text._ZNSt15_Deque_iteratorI5PointRS0_PS0_EpLEi
                0x0000000003804dfc       0x98 build/src/pure-pursuit/pure-pursuit.o
                0x0000000003804dfc                std::_Deque_iterator<Point, Point&, Point*>::operator+=(int)
 .text._ZNSt5dequeI5PointSaIS0_EEC2ERKS2_
                0x0000000003804e94      0x120 build/src/pure-pursuit/pure-pursuit.o
                0x0000000003804e94                std::deque<Point, std::allocator<Point> >::deque(std::deque<Point, std::allocator<Point> > const&)
 .text._Z16CalcCoefficientsdd5PointS_S_S_
                0x0000000003804fb4      0x5e0 build/src/pure-pursuit/pure-pursuit.o
                0x0000000003804fb4                CalcCoefficients(double, double, Point, Point, Point, Point)
 .text._ZNSt6vectorI7SegmentSaIS0_EE9push_backERKS0_
                0x0000000003805594       0x70 build/src/pure-pursuit/pure-pursuit.o
                0x0000000003805594                std::vector<Segment, std::allocator<Segment> >::push_back(Segment const&)
 .text._ZN4Path14addPointVectorESt6vectorIdSaIdEE
                0x0000000003805604       0x8c build/src/pure-pursuit/pure-pursuit.o
                0x0000000003805604                Path::addPointVector(std::vector<double, std::allocator<double> >)
 .text._ZNSt6vectorI7SegmentSaIS0_EED2Ev
                0x0000000003805690       0x80 build/src/pure-pursuit/pure-pursuit.o
                0x0000000003805690                std::vector<Segment, std::allocator<Segment> >::~vector()
 .text._ZNSt5dequeI5PointSaIS0_EE17_M_push_front_auxIJRKS0_EEEvDpOT_
                0x0000000003805710       0x80 build/src/pure-pursuit/pure-pursuit.o
                0x0000000003805710                void std::deque<Point, std::allocator<Point> >::_M_push_front_aux<Point const&>(Point const&)
 .text._ZNSt5dequeI5PointSaIS0_EE17_M_reallocate_mapEjb
                0x0000000003805790      0x12c build/src/pure-pursuit/pure-pursuit.o
                0x0000000003805790                std::deque<Point, std::allocator<Point> >::_M_reallocate_map(unsigned int, bool)
 .text._ZNSt5dequeI5PointSaIS0_EE16_M_push_back_auxIJRKS0_EEEvDpOT_
                0x00000000038058bc       0x8c build/src/pure-pursuit/pure-pursuit.o
                0x00000000038058bc                void std::deque<Point, std::allocator<Point> >::_M_push_back_aux<Point const&>(Point const&)
 .text._ZNSt5dequeI5PointSaIS0_EE22_M_reserve_map_at_backEj
                0x0000000003805948       0x28 build/src/pure-pursuit/pure-pursuit.o
                0x0000000003805948                std::deque<Point, std::allocator<Point> >::_M_reserve_map_at_back(unsigned int)
 .text._ZNSt6vectorIdSaIdEE19_M_emplace_back_auxIJRKdEEEvDpOT_
                0x0000000003805970       0x80 build/src/pure-pursuit/pure-pursuit.o
                0x0000000003805970                void std::vector<double, std::allocator<double> >::_M_emplace_back_aux<double const&>(double const&)
 .text._ZNKSt6vectorIdSaIdEE12_M_check_lenEjPKc
                0x00000000038059f0       0x54 build/src/pure-pursuit/pure-pursuit.o
                0x00000000038059f0                std::vector<double, std::allocator<double> >::_M_check_len(unsigned int, char const*) const
 .text._ZNSt6vectorIdSaIdEE13_M_assign_auxIPKdEEvT_S5_St20forward_iterator_tag
                0x0000000003805a44       0xf8 build/src/pure-pursuit/pure-pursuit.o
                0x0000000003805a44                void std::vector<double, std::allocator<double> >::_M_assign_aux<double const*>(double const*, double const*, std::forward_iterator_tag)
 .text._ZNSt6vectorI7SegmentSaIS0_EE19_M_emplace_back_auxIJRKS0_EEEvDpOT_
                0x0000000003805b3c      0x10c build/src/pure-pursuit/pure-pursuit.o
                0x0000000003805b3c                void std::vector<Segment, std::allocator<Segment> >::_M_emplace_back_aux<Segment const&>(Segment const&)
 .text._ZNKSt6vectorI7SegmentSaIS0_EE12_M_check_lenEjPKc
                0x0000000003805c48       0x64 build/src/pure-pursuit/pure-pursuit.o
                0x0000000003805c48                std::vector<Segment, std::allocator<Segment> >::_M_check_len(unsigned int, char const*) const
 .text._ZNSt12_Vector_baseI7SegmentSaIS0_EE11_M_allocateEj
                0x0000000003805cac       0x3c build/src/pure-pursuit/pure-pursuit.o
                0x0000000003805cac                std::_Vector_base<Segment, std::allocator<Segment> >::_M_allocate(unsigned int)
 .text._ZNSt20__uninitialized_copyILb0EE13__uninit_copyISt13move_iteratorIP7SegmentES4_EET0_T_S7_S6_
                0x0000000003805ce8      0x12c build/src/pure-pursuit/pure-pursuit.o
                0x0000000003805ce8                Segment* std::__uninitialized_copy<false>::__uninit_copy<std::move_iterator<Segment*>, Segment*>(std::move_iterator<Segment*>, std::move_iterator<Segment*>, Segment*)
 .text._ZNSt6vectorIdSaIdEEC2ERKS1_
                0x0000000003805e14       0x78 build/src/pure-pursuit/pure-pursuit.o
                0x0000000003805e14                std::vector<double, std::allocator<double> >::vector(std::vector<double, std::allocator<double> > const&)
 .text._ZNSt5dequeI5PointSaIS0_EEaSERKS2_
                0x0000000003805e8c      0x280 build/src/pure-pursuit/pure-pursuit.o
                0x0000000003805e8c                std::deque<Point, std::allocator<Point> >::operator=(std::deque<Point, std::allocator<Point> > const&)
 .text._ZSt4copyI5PointESt15_Deque_iteratorIT_RS2_PS2_ES1_IS2_RKS2_PS6_ES9_S5_
                0x000000000380610c      0x1c0 build/src/pure-pursuit/pure-pursuit.o
                0x000000000380610c                std::_Deque_iterator<Point, Point&, Point*> std::copy<Point>(std::_Deque_iterator<Point, Point const&, Point const*>, std::_Deque_iterator<Point, Point const&, Point const*>, std::_Deque_iterator<Point, Point&, Point*>)
 .text._ZNSt5dequeI5PointSaIS0_EE6insertISt15_Deque_iteratorIS0_RKS0_PS5_EvEES4_IS0_RS0_PS0_ES8_T_SC_
                0x00000000038062cc       0xe0 build/src/pure-pursuit/pure-pursuit.o
                0x00000000038062cc                std::_Deque_iterator<Point, Point&, Point*> std::deque<Point, std::allocator<Point> >::insert<std::_Deque_iterator<Point, Point const&, Point const*>, void>(std::_Deque_iterator<Point, Point const&, Point const*>, std::_Deque_iterator<Point, Point const&, Point const*>, std::_Deque_iterator<Point, Point const&, Point const*>)
 .text._ZNSt5dequeI5PointSaIS0_EE19_M_range_insert_auxISt15_Deque_iteratorIS0_RKS0_PS5_EEEvS4_IS0_RS0_PS0_ET_SC_St20forward_iterator_tag
                0x00000000038063ac      0x1dc build/src/pure-pursuit/pure-pursuit.o
                0x00000000038063ac                void std::deque<Point, std::allocator<Point> >::_M_range_insert_aux<std::_Deque_iterator<Point, Point const&, Point const*> >(std::_Deque_iterator<Point, Point&, Point*>, std::_Deque_iterator<Point, Point const&, Point const*>, std::_Deque_iterator<Point, Point const&, Point const*>, std::forward_iterator_tag)
 .text._ZNSt5dequeI5PointSaIS0_EE28_M_reserve_elements_at_frontEj
                0x0000000003806588       0x5c build/src/pure-pursuit/pure-pursuit.o
                0x0000000003806588                std::deque<Point, std::allocator<Point> >::_M_reserve_elements_at_front(unsigned int)
 .text._ZNSt5dequeI5PointSaIS0_EE27_M_reserve_elements_at_backEj
                0x00000000038065e4       0x60 build/src/pure-pursuit/pure-pursuit.o
                0x00000000038065e4                std::deque<Point, std::allocator<Point> >::_M_reserve_elements_at_back(unsigned int)
 .text._ZNSt5dequeI5PointSaIS0_EE13_M_insert_auxISt15_Deque_iteratorIS0_RKS0_PS5_EEEvS4_IS0_RS0_PS0_ET_SC_j
                0x0000000003806644      0x8a4 build/src/pure-pursuit/pure-pursuit.o
                0x0000000003806644                void std::deque<Point, std::allocator<Point> >::_M_insert_aux<std::_Deque_iterator<Point, Point const&, Point const*> >(std::_Deque_iterator<Point, Point&, Point*>, std::_Deque_iterator<Point, Point const&, Point const*>, std::_Deque_iterator<Point, Point const&, Point const*>, unsigned int)
 .text._ZNSt5dequeI5PointSaIS0_EE24_M_new_elements_at_frontEj
                0x0000000003806ee8       0xf4 build/src/pure-pursuit/pure-pursuit.o
                0x0000000003806ee8                std::deque<Point, std::allocator<Point> >::_M_new_elements_at_front(unsigned int)
 .text._ZNKSt15_Deque_iteratorI5PointRS0_PS0_EmiEi
                0x0000000003806fdc       0xa0 build/src/pure-pursuit/pure-pursuit.o
                0x0000000003806fdc                std::_Deque_iterator<Point, Point&, Point*>::operator-(int) const
 .text._ZNSt5dequeI5PointSaIS0_EE23_M_new_elements_at_backEj
                0x000000000380707c       0xdc build/src/pure-pursuit/pure-pursuit.o
                0x000000000380707c                std::deque<Point, std::allocator<Point> >::_M_new_elements_at_back(unsigned int)
 .text._ZSt4moveI5PointESt15_Deque_iteratorIT_RS2_PS2_ES1_IS2_RKS2_PS6_ES9_S5_
                0x0000000003807158      0x1c0 build/src/pure-pursuit/pure-pursuit.o
                0x0000000003807158                std::_Deque_iterator<Point, Point&, Point*> std::move<Point>(std::_Deque_iterator<Point, Point const&, Point const*>, std::_Deque_iterator<Point, Point const&, Point const*>, std::_Deque_iterator<Point, Point&, Point*>)
 .text._ZSt13move_backwardI5PointESt15_Deque_iteratorIT_RS2_PS2_ES1_IS2_RKS2_PS6_ES9_S5_
                0x0000000003807318      0x1e8 build/src/pure-pursuit/pure-pursuit.o
                0x0000000003807318                std::_Deque_iterator<Point, Point&, Point*> std::move_backward<Point>(std::_Deque_iterator<Point, Point const&, Point const*>, std::_Deque_iterator<Point, Point const&, Point const*>, std::_Deque_iterator<Point, Point&, Point*>)
 .text._ZNSt6vectorI4PathSaIS0_EE19_M_emplace_back_auxIJRKS0_EEEvDpOT_
                0x0000000003807500       0xc8 build/src/pure-pursuit/pure-pursuit.o
                0x0000000003807500                void std::vector<Path, std::allocator<Path> >::_M_emplace_back_aux<Path const&>(Path const&)
 .text._ZNKSt6vectorI4PathSaIS0_EE12_M_check_lenEjPKc
                0x00000000038075c8       0x64 build/src/pure-pursuit/pure-pursuit.o
                0x00000000038075c8                std::vector<Path, std::allocator<Path> >::_M_check_len(unsigned int, char const*) const
 .text._ZNSt12_Vector_baseI4PathSaIS0_EE11_M_allocateEj
                0x000000000380762c       0x3c build/src/pure-pursuit/pure-pursuit.o
                0x000000000380762c                std::_Vector_base<Path, std::allocator<Path> >::_M_allocate(unsigned int)
 .text._ZNSt5dequeI5PointSaIS0_EE13_M_assign_auxIPKS0_EEvT_S6_St20forward_iterator_tag
                0x0000000003807668      0x1cc build/src/pure-pursuit/pure-pursuit.o
                0x0000000003807668                void std::deque<Point, std::allocator<Point> >::_M_assign_aux<Point const*>(Point const*, Point const*, std::forward_iterator_tag)
 .text._ZNSt5dequeI5PointSaIS0_EE6insertIPKS0_vEESt15_Deque_iteratorIS0_RS0_PS0_ES6_IS0_RS4_S5_ET_SC_
                0x0000000003807834       0xb4 build/src/pure-pursuit/pure-pursuit.o
                0x0000000003807834                std::_Deque_iterator<Point, Point&, Point*> std::deque<Point, std::allocator<Point> >::insert<Point const*, void>(std::_Deque_iterator<Point, Point const&, Point const*>, Point const*, Point const*)
 .text._ZNSt5dequeI5PointSaIS0_EE19_M_range_insert_auxIPKS0_EEvSt15_Deque_iteratorIS0_RS0_PS0_ET_SA_St20forward_iterator_tag
                0x00000000038078e8      0x168 build/src/pure-pursuit/pure-pursuit.o
                0x00000000038078e8                void std::deque<Point, std::allocator<Point> >::_M_range_insert_aux<Point const*>(std::_Deque_iterator<Point, Point&, Point*>, Point const*, Point const*, std::forward_iterator_tag)
 .text._ZNSt5dequeI5PointSaIS0_EE13_M_insert_auxIPKS0_EEvSt15_Deque_iteratorIS0_RS0_PS0_ET_SA_j
                0x0000000003807a50      0x81c build/src/pure-pursuit/pure-pursuit.o
                0x0000000003807a50                void std::deque<Point, std::allocator<Point> >::_M_insert_aux<Point const*>(std::_Deque_iterator<Point, Point&, Point*>, Point const*, Point const*, unsigned int)
 .text._GLOBAL__sub_I_pure_pursuit.cpp
                0x000000000380826c      0x1f0 build/src/pure-pursuit/pure-pursuit.o
 .text.vexMain  0x000000000380845c       0xb0 /Applications/VEXcode Pro V5.app/Contents/Resources/sdk/vexv5/libv5rt.a(v5_startup.c.obj)
                0x000000000380845c                vexMain
 .text.__vex_function_prolog
                0x000000000380850c       0x18 /Applications/VEXcode Pro V5.app/Contents/Resources/sdk/vexv5/libv5rt.a(v5_startup.c.obj)
                0x000000000380850c                __vex_function_prolog
 .text._init    0x0000000003808524        0x4 /Applications/VEXcode Pro V5.app/Contents/Resources/sdk/vexv5/libv5rt.a(v5_startup.c.obj)
                0x0000000003808524                _init
 .text._fini    0x0000000003808528        0x4 /Applications/VEXcode Pro V5.app/Contents/Resources/sdk/vexv5/libv5rt.a(v5_startup.c.obj)
                0x0000000003808528                _fini
 .text.vexStdlibVersionLinked
                0x000000000380852c        0xc /Applications/VEXcode Pro V5.app/Contents/Resources/sdk/vexv5/libv5rt.a(v5_util.c.obj)
                0x000000000380852c                vexStdlibVersionLinked
 .text.vexStdlibVersionVerify
                0x0000000003808538       0x30 /Applications/VEXcode Pro V5.app/Contents/Resources/sdk/vexv5/libv5rt.a(v5_util.c.obj)
                0x0000000003808538                vexStdlibVersionVerify
 .text.vexPrivateApiEnable
                0x0000000003808568       0x10 /Applications/VEXcode Pro V5.app/Contents/Resources/sdk/vexv5/libv5rt.a(v5_apijump.c.obj)
                0x0000000003808568                vexPrivateApiEnable
 .text.vexStdlibMismatchError
                0x0000000003808578       0x3c /Applications/VEXcode Pro V5.app/Contents/Resources/sdk/vexv5/libv5rt.a(v5_apijump.c.obj)
                0x0000000003808578                vexStdlibMismatchError
 .text.vexTaskAdd
                0x00000000038085b4       0x10 /Applications/VEXcode Pro V5.app/Contents/Resources/sdk/vexv5/libv5rt.a(v5_apijump.c.obj)
                0x00000000038085b4                vexTaskAdd
 .text.vexTasksRun
                0x00000000038085c4       0x10 /Applications/VEXcode Pro V5.app/Contents/Resources/sdk/vexv5/libv5rt.a(v5_apijump.c.obj)
                0x00000000038085c4                vexTasksRun
 .text.vexTaskYield
                0x00000000038085d4       0x10 /Applications/VEXcode Pro V5.app/Contents/Resources/sdk/vexv5/libv5rt.a(v5_apijump.c.obj)
                0x00000000038085d4                vexTaskYield
 .text.vexTaskCheckTimeslice
                0x00000000038085e4       0x10 /Applications/VEXcode Pro V5.app/Contents/Resources/sdk/vexv5/libv5rt.a(v5_apijump.c.obj)
                0x00000000038085e4                vexTaskCheckTimeslice
 .text.vexTaskSleep
                0x00000000038085f4       0x10 /Applications/VEXcode Pro V5.app/Contents/Resources/sdk/vexv5/libv5rt.a(v5_apijump.c.obj)
                0x00000000038085f4                vexTaskSleep
 .text.vexTasksDump
                0x0000000003808604       0x1c /Applications/VEXcode Pro V5.app/Contents/Resources/sdk/vexv5/libv5rt.a(v5_apijump.c.obj)
                0x0000000003808604                vexTasksDump
 .text.vexTaskGetTaskIndex
                0x0000000003808620       0x10 /Applications/VEXcode Pro V5.app/Contents/Resources/sdk/vexv5/libv5rt.a(v5_apijump.c.obj)
                0x0000000003808620                vexTaskGetTaskIndex
 .text.vexTaskStopAll
                0x0000000003808630       0x10 /Applications/VEXcode Pro V5.app/Contents/Resources/sdk/vexv5/libv5rt.a(v5_apijump.c.obj)
                0x0000000003808630                vexTaskStopAll
 .text.vexTaskRemoveAllUser
                0x0000000003808640       0x34 /Applications/VEXcode Pro V5.app/Contents/Resources/sdk/vexv5/libv5rt.a(v5_apijump.c.obj)
                0x0000000003808640                vexTaskRemoveAllUser
 .text.vexTaskCompletionIdSet
                0x0000000003808674       0x10 /Applications/VEXcode Pro V5.app/Contents/Resources/sdk/vexv5/libv5rt.a(v5_apijump.c.obj)
                0x0000000003808674                vexTaskCompletionIdSet
 .text.vexTaskStopWithId
                0x0000000003808684       0x10 /Applications/VEXcode Pro V5.app/Contents/Resources/sdk/vexv5/libv5rt.a(v5_apijump.c.obj)
                0x0000000003808684                vexTaskStopWithId
 .text.vexCriticalSection
                0x0000000003808694       0x2c /Applications/VEXcode Pro V5.app/Contents/Resources/sdk/vexv5/libv5rt.a(v5_apijump.c.obj)
                0x0000000003808694                vexCriticalSection
 .text.vexEventAdd
                0x00000000038086c0       0x34 /Applications/VEXcode Pro V5.app/Contents/Resources/sdk/vexv5/libv5rt.a(v5_apijump.c.obj)
                0x00000000038086c0                vexEventAdd
 .text.vexEventUserIndexGet
                0x00000000038086f4       0x1c /Applications/VEXcode Pro V5.app/Contents/Resources/sdk/vexv5/libv5rt.a(v5_apijump.c.obj)
                0x00000000038086f4                vexEventUserIndexGet
 .text.vexEventAddWithArg
                0x0000000003808710       0x3c /Applications/VEXcode Pro V5.app/Contents/Resources/sdk/vexv5/libv5rt.a(v5_apijump.c.obj)
                0x0000000003808710                vexEventAddWithArg
 .text.vexEventsCleanup
                0x000000000380874c       0x2c /Applications/VEXcode Pro V5.app/Contents/Resources/sdk/vexv5/libv5rt.a(v5_apijump.c.obj)
                0x000000000380874c                vexEventsCleanup
 .text.vexDebug
                0x0000000003808778       0x38 /Applications/VEXcode Pro V5.app/Contents/Resources/sdk/vexv5/libv5rt.a(v5_apijump.c.obj)
                0x0000000003808778                vexDebug
 .text.vex_sprintf
                0x00000000038087b0       0x40 /Applications/VEXcode Pro V5.app/Contents/Resources/sdk/vexv5/libv5rt.a(v5_apijump.c.obj)
                0x00000000038087b0                vex_sprintf
 .text.vex_vsnprintf
                0x00000000038087f0       0x3c /Applications/VEXcode Pro V5.app/Contents/Resources/sdk/vexv5/libv5rt.a(v5_apijump.c.obj)
                0x00000000038087f0                vex_vsnprintf
 .text.vexSystemTimeGet
                0x000000000380882c       0x1c /Applications/VEXcode Pro V5.app/Contents/Resources/sdk/vexv5/libv5rt.a(v5_apijump.c.obj)
                0x000000000380882c                vexSystemTimeGet
 .text.vexSystemExitRequest
                0x0000000003808848       0x1c /Applications/VEXcode Pro V5.app/Contents/Resources/sdk/vexv5/libv5rt.a(v5_apijump.c.obj)
                0x0000000003808848                vexSystemExitRequest
 .text.vexDeviceGetByIndex
                0x0000000003808864       0x24 /Applications/VEXcode Pro V5.app/Contents/Resources/sdk/vexv5/libv5rt.a(v5_apijump.c.obj)
                0x0000000003808864                vexDeviceGetByIndex
 .text.vexControllerGet
                0x0000000003808888       0x2c /Applications/VEXcode Pro V5.app/Contents/Resources/sdk/vexv5/libv5rt.a(v5_apijump.c.obj)
                0x0000000003808888                vexControllerGet
 .text.vexControllerTextSet
                0x00000000038088b4       0x74 /Applications/VEXcode Pro V5.app/Contents/Resources/sdk/vexv5/libv5rt.a(v5_apijump.c.obj)
                0x00000000038088b4                vexControllerTextSet
 .text.vexDeviceAdiPortConfigSet
                0x0000000003808928       0x34 /Applications/VEXcode Pro V5.app/Contents/Resources/sdk/vexv5/libv5rt.a(v5_apijump.c.obj)
                0x0000000003808928                vexDeviceAdiPortConfigSet
 .text.vexDeviceAdiPortConfigGet
                0x000000000380895c       0x2c /Applications/VEXcode Pro V5.app/Contents/Resources/sdk/vexv5/libv5rt.a(v5_apijump.c.obj)
                0x000000000380895c                vexDeviceAdiPortConfigGet
 .text.vexDeviceAdiValueSet
                0x0000000003808988       0x34 /Applications/VEXcode Pro V5.app/Contents/Resources/sdk/vexv5/libv5rt.a(v5_apijump.c.obj)
                0x0000000003808988                vexDeviceAdiValueSet
 .text.vexDeviceMotorVelocitySet
                0x00000000038089bc       0x2c /Applications/VEXcode Pro V5.app/Contents/Resources/sdk/vexv5/libv5rt.a(v5_apijump.c.obj)
                0x00000000038089bc                vexDeviceMotorVelocitySet
 .text.vexDeviceMotorVoltageSet
                0x00000000038089e8       0x2c /Applications/VEXcode Pro V5.app/Contents/Resources/sdk/vexv5/libv5rt.a(v5_apijump.c.obj)
                0x00000000038089e8                vexDeviceMotorVoltageSet
 .text.vexDeviceMotorActualVelocityGet
                0x0000000003808a14       0x24 /Applications/VEXcode Pro V5.app/Contents/Resources/sdk/vexv5/libv5rt.a(v5_apijump.c.obj)
                0x0000000003808a14                vexDeviceMotorActualVelocityGet
 .text.vexDeviceMotorReverseFlagSet
                0x0000000003808a38       0x2c /Applications/VEXcode Pro V5.app/Contents/Resources/sdk/vexv5/libv5rt.a(v5_apijump.c.obj)
                0x0000000003808a38                vexDeviceMotorReverseFlagSet
 .text.vexDeviceMotorEncoderUnitsSet
                0x0000000003808a64       0x2c /Applications/VEXcode Pro V5.app/Contents/Resources/sdk/vexv5/libv5rt.a(v5_apijump.c.obj)
                0x0000000003808a64                vexDeviceMotorEncoderUnitsSet
 .text.vexDeviceMotorBrakeModeSet
                0x0000000003808a90       0x2c /Applications/VEXcode Pro V5.app/Contents/Resources/sdk/vexv5/libv5rt.a(v5_apijump.c.obj)
                0x0000000003808a90                vexDeviceMotorBrakeModeSet
 .text.vexDeviceMotorPositionSet
                0x0000000003808abc       0x34 /Applications/VEXcode Pro V5.app/Contents/Resources/sdk/vexv5/libv5rt.a(v5_apijump.c.obj)
                0x0000000003808abc                vexDeviceMotorPositionSet
 .text.vexDeviceMotorPositionGet
                0x0000000003808af0       0x24 /Applications/VEXcode Pro V5.app/Contents/Resources/sdk/vexv5/libv5rt.a(v5_apijump.c.obj)
                0x0000000003808af0                vexDeviceMotorPositionGet
 .text.vexDeviceMotorGearingSet
                0x0000000003808b14       0x2c /Applications/VEXcode Pro V5.app/Contents/Resources/sdk/vexv5/libv5rt.a(v5_apijump.c.obj)
                0x0000000003808b14                vexDeviceMotorGearingSet
 .text.vexDeviceMotorGearingGet
                0x0000000003808b40       0x24 /Applications/VEXcode Pro V5.app/Contents/Resources/sdk/vexv5/libv5rt.a(v5_apijump.c.obj)
                0x0000000003808b40                vexDeviceMotorGearingGet
 .text.vexDeviceImuReset
                0x0000000003808b64       0x24 /Applications/VEXcode Pro V5.app/Contents/Resources/sdk/vexv5/libv5rt.a(v5_apijump.c.obj)
                0x0000000003808b64                vexDeviceImuReset
 .text.vexDeviceImuHeadingGet
                0x0000000003808b88       0x24 /Applications/VEXcode Pro V5.app/Contents/Resources/sdk/vexv5/libv5rt.a(v5_apijump.c.obj)
                0x0000000003808b88                vexDeviceImuHeadingGet
 .text.vexDeviceImuDegreesGet
                0x0000000003808bac       0x24 /Applications/VEXcode Pro V5.app/Contents/Resources/sdk/vexv5/libv5rt.a(v5_apijump.c.obj)
                0x0000000003808bac                vexDeviceImuDegreesGet
 .text.vexDeviceImuStatusGet
                0x0000000003808bd0       0x24 /Applications/VEXcode Pro V5.app/Contents/Resources/sdk/vexv5/libv5rt.a(v5_apijump.c.obj)
                0x0000000003808bd0                vexDeviceImuStatusGet
 .text.vexDeviceAbsEncAngleGet
                0x0000000003808bf4       0x24 /Applications/VEXcode Pro V5.app/Contents/Resources/sdk/vexv5/libv5rt.a(v5_apijump.c.obj)
                0x0000000003808bf4                vexDeviceAbsEncAngleGet
 .text.vexDeviceAbsEncReverseFlagSet
                0x0000000003808c18       0x2c /Applications/VEXcode Pro V5.app/Contents/Resources/sdk/vexv5/libv5rt.a(v5_apijump.c.obj)
                0x0000000003808c18                vexDeviceAbsEncReverseFlagSet
 .text.vexDeviceDistanceDistanceGet
                0x0000000003808c44       0x24 /Applications/VEXcode Pro V5.app/Contents/Resources/sdk/vexv5/libv5rt.a(v5_apijump.c.obj)
                0x0000000003808c44                vexDeviceDistanceDistanceGet
 .text.vexDisplayForegroundColor
                0x0000000003808c68       0x24 /Applications/VEXcode Pro V5.app/Contents/Resources/sdk/vexv5/libv5rt.a(v5_apijump.c.obj)
                0x0000000003808c68                vexDisplayForegroundColor
 .text.vexDisplayBackgroundColor
                0x0000000003808c8c       0x24 /Applications/VEXcode Pro V5.app/Contents/Resources/sdk/vexv5/libv5rt.a(v5_apijump.c.obj)
                0x0000000003808c8c                vexDisplayBackgroundColor
 .text.vexDisplayBackgroundColorGet
                0x0000000003808cb0       0x1c /Applications/VEXcode Pro V5.app/Contents/Resources/sdk/vexv5/libv5rt.a(v5_apijump.c.obj)
                0x0000000003808cb0                vexDisplayBackgroundColorGet
 .text.vexDisplayRectClear
                0x0000000003808ccc       0x4c /Applications/VEXcode Pro V5.app/Contents/Resources/sdk/vexv5/libv5rt.a(v5_apijump.c.obj)
                0x0000000003808ccc                vexDisplayRectClear
 .text.vexDisplayVPrintf
                0x0000000003808d18       0x50 /Applications/VEXcode Pro V5.app/Contents/Resources/sdk/vexv5/libv5rt.a(v5_apijump.c.obj)
                0x0000000003808d18                vexDisplayVPrintf
 .text.vexDisplayTextReference
                0x0000000003808d68       0x24 /Applications/VEXcode Pro V5.app/Contents/Resources/sdk/vexv5/libv5rt.a(v5_apijump.c.obj)
                0x0000000003808d68                vexDisplayTextReference
 .text.vexDisplayTextSize
                0x0000000003808d8c       0x2c /Applications/VEXcode Pro V5.app/Contents/Resources/sdk/vexv5/libv5rt.a(v5_apijump.c.obj)
                0x0000000003808d8c                vexDisplayTextSize
 .text.vexDisplayFontNamedSet
                0x0000000003808db8       0x24 /Applications/VEXcode Pro V5.app/Contents/Resources/sdk/vexv5/libv5rt.a(v5_apijump.c.obj)
                0x0000000003808db8                vexDisplayFontNamedSet
 .text.vexDisplayStringWidthGet
                0x0000000003808ddc       0x24 /Applications/VEXcode Pro V5.app/Contents/Resources/sdk/vexv5/libv5rt.a(v5_apijump.c.obj)
                0x0000000003808ddc                vexDisplayStringWidthGet
 .text.vexSystemStdlibImpureDataAddr
                0x0000000003808e00       0x28 /Applications/VEXcode Pro V5.app/Contents/Resources/sdk/vexv5/libv5rt.a(v5_apijump.c.obj)
                0x0000000003808e00                vexSystemStdlibImpureDataAddr
 .text.vexSystemStdlibImpureDataSize
                0x0000000003808e28       0x28 /Applications/VEXcode Pro V5.app/Contents/Resources/sdk/vexv5/libv5rt.a(v5_apijump.c.obj)
                0x0000000003808e28                vexSystemStdlibImpureDataSize
 .text.vexSystemSaveUserData
                0x0000000003808e50       0x3c /Applications/VEXcode Pro V5.app/Contents/Resources/sdk/vexv5/libv5rt.a(v5_apijump.c.obj)
                0x0000000003808e50                vexSystemSaveUserData
 .text.vexDisplayThemeIdGet
                0x0000000003808e8c       0x38 /Applications/VEXcode Pro V5.app/Contents/Resources/sdk/vexv5/libv5rt.a(v5_apijump.c.obj)
                0x0000000003808e8c                vexDisplayThemeIdGet
 .text.vexDeviceEventMaskSet
                0x0000000003808ec4       0x48 /Applications/VEXcode Pro V5.app/Contents/Resources/sdk/vexv5/libv5rt.a(v5_apijump.c.obj)
                0x0000000003808ec4                vexDeviceEventMaskSet
 .text.vexDeviceEventMaskGet
                0x0000000003808f0c       0x3c /Applications/VEXcode Pro V5.app/Contents/Resources/sdk/vexv5/libv5rt.a(v5_apijump.c.obj)
                0x0000000003808f0c                vexDeviceEventMaskGet
 .text.vexSystemVersion
                0x0000000003808f48       0x10 /Applications/VEXcode Pro V5.app/Contents/Resources/sdk/vexv5/libv5rt.a(v5_apiversions.c.obj)
                0x0000000003808f48                vexSystemVersion
 .text.vexStdlibVersion
                0x0000000003808f58       0x10 /Applications/VEXcode Pro V5.app/Contents/Resources/sdk/vexv5/libv5rt.a(v5_apiversions.c.obj)
                0x0000000003808f58                vexStdlibVersion
 .text._ZN3vex4waitEdNS_9timeUnitsE
                0x0000000003808f68       0x30 /Applications/VEXcode Pro V5.app/Contents/Resources/sdk/vexv5/libv5rt.a(vex_global.cpp.obj)
                0x0000000003808f68                vex::wait(double, vex::timeUnits)
 .text._ZN3vex5motorD2Ev
                0x0000000003808f98       0x20 /Applications/VEXcode Pro V5.app/Contents/Resources/sdk/vexv5/libv5rt.a(vex_motor.cpp.obj)
                0x0000000003808f98                vex::motor::~motor()
                0x0000000003808f98                vex::motor::~motor()
 .text._ZN3vex5motorD0Ev
                0x0000000003808fb8       0x1c /Applications/VEXcode Pro V5.app/Contents/Resources/sdk/vexv5/libv5rt.a(vex_motor.cpp.obj)
                0x0000000003808fb8                vex::motor::~motor()
 .text._ZN3vex5motor9installedEv
                0x0000000003808fd4       0x18 /Applications/VEXcode Pro V5.app/Contents/Resources/sdk/vexv5/libv5rt.a(vex_motor.cpp.obj)
                0x0000000003808fd4                vex::motor::installed()
 .text._ZN3vex5motor15defaultStoppingENS_9brakeTypeE
                0x0000000003808fec       0x30 /Applications/VEXcode Pro V5.app/Contents/Resources/sdk/vexv5/libv5rt.a(vex_motor.cpp.obj)
                0x0000000003808fec                vex::motor::defaultStopping(vex::brakeType)
 .text._ZN3vex5motor11setStoppingENS_9brakeTypeE
                0x000000000380901c        0x4 /Applications/VEXcode Pro V5.app/Contents/Resources/sdk/vexv5/libv5rt.a(vex_motor.cpp.obj)
                0x000000000380901c                vex::motor::setStopping(vex::brakeType)
 .text._ZN3vex5motorC2El
                0x0000000003809020       0x78 /Applications/VEXcode Pro V5.app/Contents/Resources/sdk/vexv5/libv5rt.a(vex_motor.cpp.obj)
                0x0000000003809020                vex::motor::motor(long)
                0x0000000003809020                vex::motor::motor(long)
 .text._ZN3vex5motorC2ElNS_11gearSettingEb
                0x0000000003809098       0x34 /Applications/VEXcode Pro V5.app/Contents/Resources/sdk/vexv5/libv5rt.a(vex_motor.cpp.obj)
                0x0000000003809098                vex::motor::motor(long, vex::gearSetting, bool)
                0x0000000003809098                vex::motor::motor(long, vex::gearSetting, bool)
 *fill*         0x00000000038090cc        0x4 
 .text._ZN3vex5motor4spinENS_13directionTypeEdNS_12voltageUnitsE
                0x00000000038090d0       0x50 /Applications/VEXcode Pro V5.app/Contents/Resources/sdk/vexv5/libv5rt.a(vex_motor.cpp.obj)
                0x00000000038090d0                vex::motor::spin(vex::directionType, double, vex::voltageUnits)
 .text._ZN3vex5motor4stopENS_9brakeTypeE
                0x0000000003809120       0x30 /Applications/VEXcode Pro V5.app/Contents/Resources/sdk/vexv5/libv5rt.a(vex_motor.cpp.obj)
                0x0000000003809120                vex::motor::stop(vex::brakeType)
 .text._ZN3vex5motor16velocityToScaledEdNS_13velocityUnitsE
                0x0000000003809150       0x5c /Applications/VEXcode Pro V5.app/Contents/Resources/sdk/vexv5/libv5rt.a(vex_motor.cpp.obj)
                0x0000000003809150                vex::motor::velocityToScaled(double, vex::velocityUnits)
 .text._ZN3vex5motor8velocityENS_13velocityUnitsE
                0x00000000038091ac       0x30 /Applications/VEXcode Pro V5.app/Contents/Resources/sdk/vexv5/libv5rt.a(vex_motor.cpp.obj)
                0x00000000038091ac                vex::motor::velocity(vex::velocityUnits)
 .text._ZN3vex5motor5valueEv
                0x00000000038091dc       0x1c /Applications/VEXcode Pro V5.app/Contents/Resources/sdk/vexv5/libv5rt.a(vex_motor.cpp.obj)
                0x00000000038091dc                vex::motor::value()
 .text._ZN3vex5motor16setRotationUnitsENS_13rotationUnitsE
                0x00000000038091f8       0x1c /Applications/VEXcode Pro V5.app/Contents/Resources/sdk/vexv5/libv5rt.a(vex_motor.cpp.obj)
                0x00000000038091f8                vex::motor::setRotationUnits(vex::rotationUnits)
 .text._ZN3vex5motor11setRotationEdNS_13rotationUnitsE
                0x0000000003809214       0x44 /Applications/VEXcode Pro V5.app/Contents/Resources/sdk/vexv5/libv5rt.a(vex_motor.cpp.obj)
                0x0000000003809214                vex::motor::setRotation(double, vex::rotationUnits)
 .text._ZN3vex5motor13resetRotationEv
                0x0000000003809258       0x20 /Applications/VEXcode Pro V5.app/Contents/Resources/sdk/vexv5/libv5rt.a(vex_motor.cpp.obj)
                0x0000000003809258                vex::motor::resetRotation()
 .text._ZN3vex5motor8rotationENS_13rotationUnitsE
                0x0000000003809278       0x44 /Applications/VEXcode Pro V5.app/Contents/Resources/sdk/vexv5/libv5rt.a(vex_motor.cpp.obj)
                0x0000000003809278                vex::motor::rotation(vex::rotationUnits)
 *fill*         0x00000000038092bc        0x4 
 .text._ZN3vex8inertial10setHeadingEdNS_13rotationUnitsE
                0x00000000038092c0       0x58 /Applications/VEXcode Pro V5.app/Contents/Resources/sdk/vexv5/libv5rt.a(vex_imu.cpp.obj)
                0x00000000038092c0                vex::inertial::setHeading(double, vex::rotationUnits)
 .text._ZThn16_N3vex8inertial10setHeadingEdNS_13rotationUnitsE
                0x0000000003809318        0x8 /Applications/VEXcode Pro V5.app/Contents/Resources/sdk/vexv5/libv5rt.a(vex_imu.cpp.obj)
                0x0000000003809318                non-virtual thunk to vex::inertial::setHeading(double, vex::rotationUnits)
 .text._ZN3vex8inertial11setRotationEdNS_13rotationUnitsE
                0x0000000003809320       0x58 /Applications/VEXcode Pro V5.app/Contents/Resources/sdk/vexv5/libv5rt.a(vex_imu.cpp.obj)
                0x0000000003809320                vex::inertial::setRotation(double, vex::rotationUnits)
 .text._ZThn16_N3vex8inertial11setRotationEdNS_13rotationUnitsE
                0x0000000003809378        0x8 /Applications/VEXcode Pro V5.app/Contents/Resources/sdk/vexv5/libv5rt.a(vex_imu.cpp.obj)
                0x0000000003809378                non-virtual thunk to vex::inertial::setRotation(double, vex::rotationUnits)
 .text._ZN3vex8inertialD2Ev
                0x0000000003809380       0x20 /Applications/VEXcode Pro V5.app/Contents/Resources/sdk/vexv5/libv5rt.a(vex_imu.cpp.obj)
                0x0000000003809380                vex::inertial::~inertial()
                0x0000000003809380                vex::inertial::~inertial()
 .text._ZThn16_N3vex8inertialD1Ev
                0x00000000038093a0        0x8 /Applications/VEXcode Pro V5.app/Contents/Resources/sdk/vexv5/libv5rt.a(vex_imu.cpp.obj)
                0x00000000038093a0                non-virtual thunk to vex::inertial::~inertial()
 .text._ZN3vex8inertialD0Ev
                0x00000000038093a8       0x1c /Applications/VEXcode Pro V5.app/Contents/Resources/sdk/vexv5/libv5rt.a(vex_imu.cpp.obj)
                0x00000000038093a8                vex::inertial::~inertial()
 .text._ZThn16_N3vex8inertialD0Ev
                0x00000000038093c4        0x8 /Applications/VEXcode Pro V5.app/Contents/Resources/sdk/vexv5/libv5rt.a(vex_imu.cpp.obj)
                0x00000000038093c4                non-virtual thunk to vex::inertial::~inertial()
 .text._ZN3vex8inertial9installedEv
                0x00000000038093cc       0x18 /Applications/VEXcode Pro V5.app/Contents/Resources/sdk/vexv5/libv5rt.a(vex_imu.cpp.obj)
                0x00000000038093cc                vex::inertial::installed()
 .text._ZN3vex8inertial5angleENS_13rotationUnitsE
                0x00000000038093e4       0x60 /Applications/VEXcode Pro V5.app/Contents/Resources/sdk/vexv5/libv5rt.a(vex_imu.cpp.obj)
                0x00000000038093e4                vex::inertial::angle(vex::rotationUnits)
 .text._ZThn16_N3vex8inertial5angleENS_13rotationUnitsE
                0x0000000003809444        0x8 /Applications/VEXcode Pro V5.app/Contents/Resources/sdk/vexv5/libv5rt.a(vex_imu.cpp.obj)
                0x0000000003809444                non-virtual thunk to vex::inertial::angle(vex::rotationUnits)
 .text._ZN3vex8inertial7headingENS_13rotationUnitsE
                0x000000000380944c        0x4 /Applications/VEXcode Pro V5.app/Contents/Resources/sdk/vexv5/libv5rt.a(vex_imu.cpp.obj)
                0x000000000380944c                vex::inertial::heading(vex::rotationUnits)
 .text._ZThn16_N3vex8inertial7headingENS_13rotationUnitsE
                0x0000000003809450        0x8 /Applications/VEXcode Pro V5.app/Contents/Resources/sdk/vexv5/libv5rt.a(vex_imu.cpp.obj)
                0x0000000003809450                non-virtual thunk to vex::inertial::heading(vex::rotationUnits)
 .text._ZN3vex8inertial5valueEv
                0x0000000003809458       0x1c /Applications/VEXcode Pro V5.app/Contents/Resources/sdk/vexv5/libv5rt.a(vex_imu.cpp.obj)
                0x0000000003809458                vex::inertial::value()
 *fill*         0x0000000003809474        0x4 
 .text._ZN3vex8inertial8rotationENS_13rotationUnitsE
                0x0000000003809478       0x40 /Applications/VEXcode Pro V5.app/Contents/Resources/sdk/vexv5/libv5rt.a(vex_imu.cpp.obj)
                0x0000000003809478                vex::inertial::rotation(vex::rotationUnits)
 .text._ZThn16_N3vex8inertial8rotationENS_13rotationUnitsE
                0x00000000038094b8        0x8 /Applications/VEXcode Pro V5.app/Contents/Resources/sdk/vexv5/libv5rt.a(vex_imu.cpp.obj)
                0x00000000038094b8                non-virtual thunk to vex::inertial::rotation(vex::rotationUnits)
 .text._ZN3vex8inertial13isCalibratingEv
                0x00000000038094c0       0x38 /Applications/VEXcode Pro V5.app/Contents/Resources/sdk/vexv5/libv5rt.a(vex_imu.cpp.obj)
                0x00000000038094c0                vex::inertial::isCalibrating()
 .text._ZThn16_N3vex8inertial13isCalibratingEv
                0x00000000038094f8        0x8 /Applications/VEXcode Pro V5.app/Contents/Resources/sdk/vexv5/libv5rt.a(vex_imu.cpp.obj)
                0x00000000038094f8                non-virtual thunk to vex::inertial::isCalibrating()
 .text._ZN3vex8inertialC2El
                0x0000000003809500       0x48 /Applications/VEXcode Pro V5.app/Contents/Resources/sdk/vexv5/libv5rt.a(vex_imu.cpp.obj)
                0x0000000003809500                vex::inertial::inertial(long)
                0x0000000003809500                vex::inertial::inertial(long)
 .text._ZN3vex8inertial16startCalibrationEl
                0x0000000003809548       0x20 /Applications/VEXcode Pro V5.app/Contents/Resources/sdk/vexv5/libv5rt.a(vex_imu.cpp.obj)
                0x0000000003809548                vex::inertial::startCalibration(long)
 .text._ZN3vex8inertial9calibrateEl
                0x0000000003809568        0xc /Applications/VEXcode Pro V5.app/Contents/Resources/sdk/vexv5/libv5rt.a(vex_imu.cpp.obj)
                0x0000000003809568                vex::inertial::calibrate(long)
                0x000000000380956c                non-virtual thunk to vex::inertial::calibrate(long)
 .text._ZN3vex8rotationD2Ev
                0x0000000003809574       0x20 /Applications/VEXcode Pro V5.app/Contents/Resources/sdk/vexv5/libv5rt.a(vex_rotation.cpp.obj)
                0x0000000003809574                vex::rotation::~rotation()
                0x0000000003809574                vex::rotation::~rotation()
 .text._ZN3vex8rotationD0Ev
                0x0000000003809594       0x1c /Applications/VEXcode Pro V5.app/Contents/Resources/sdk/vexv5/libv5rt.a(vex_rotation.cpp.obj)
                0x0000000003809594                vex::rotation::~rotation()
 .text._ZN3vex8rotation9installedEv
                0x00000000038095b0       0x18 /Applications/VEXcode Pro V5.app/Contents/Resources/sdk/vexv5/libv5rt.a(vex_rotation.cpp.obj)
                0x00000000038095b0                vex::rotation::installed()
 .text._ZN3vex8rotation5valueEv
                0x00000000038095c8        0x8 /Applications/VEXcode Pro V5.app/Contents/Resources/sdk/vexv5/libv5rt.a(vex_rotation.cpp.obj)
                0x00000000038095c8                vex::rotation::value()
 .text._ZN3vex8rotationC2Elb
                0x00000000038095d0       0x30 /Applications/VEXcode Pro V5.app/Contents/Resources/sdk/vexv5/libv5rt.a(vex_rotation.cpp.obj)
                0x00000000038095d0                vex::rotation::rotation(long, bool)
                0x00000000038095d0                vex::rotation::rotation(long, bool)
 .text._ZN3vex8distanceD2Ev
                0x0000000003809600       0x20 /Applications/VEXcode Pro V5.app/Contents/Resources/sdk/vexv5/libv5rt.a(vex_distance.cpp.obj)
                0x0000000003809600                vex::distance::~distance()
                0x0000000003809600                vex::distance::~distance()
 .text._ZN3vex8distanceD0Ev
                0x0000000003809620       0x1c /Applications/VEXcode Pro V5.app/Contents/Resources/sdk/vexv5/libv5rt.a(vex_distance.cpp.obj)
                0x0000000003809620                vex::distance::~distance()
 .text._ZN3vex8distance9installedEv
                0x000000000380963c       0x18 /Applications/VEXcode Pro V5.app/Contents/Resources/sdk/vexv5/libv5rt.a(vex_distance.cpp.obj)
                0x000000000380963c                vex::distance::installed()
 .text._ZN3vex8distance5valueEv
                0x0000000003809654        0x8 /Applications/VEXcode Pro V5.app/Contents/Resources/sdk/vexv5/libv5rt.a(vex_distance.cpp.obj)
                0x0000000003809654                vex::distance::value()
 .text._ZN3vex8distanceC2El
                0x000000000380965c       0x20 /Applications/VEXcode Pro V5.app/Contents/Resources/sdk/vexv5/libv5rt.a(vex_distance.cpp.obj)
                0x000000000380965c                vex::distance::distance(long)
                0x000000000380965c                vex::distance::distance(long)
 .text._ZN3vex10controllerD2Ev
                0x000000000380967c        0x4 /Applications/VEXcode Pro V5.app/Contents/Resources/sdk/vexv5/libv5rt.a(vex_controller.cpp.obj)
                0x000000000380967c                vex::controller::~controller()
                0x000000000380967c                vex::controller::~controller()
 .text._ZN3vex10controller5valueE19_V5_ControllerIndex
                0x0000000003809680        0x8 /Applications/VEXcode Pro V5.app/Contents/Resources/sdk/vexv5/libv5rt.a(vex_controller.cpp.obj)
                0x0000000003809680                vex::controller::value(_V5_ControllerIndex)
 .text._ZN3vex10controller6button8pressingEv
                0x0000000003809688       0xc8 /Applications/VEXcode Pro V5.app/Contents/Resources/sdk/vexv5/libv5rt.a(vex_controller.cpp.obj)
                0x0000000003809688                vex::controller::button::pressing()
 .text._ZN3vex10controller6button7pressedEPFvvE
                0x0000000003809750      0x108 /Applications/VEXcode Pro V5.app/Contents/Resources/sdk/vexv5/libv5rt.a(vex_controller.cpp.obj)
                0x0000000003809750                vex::controller::button::pressed(void (*)())
 .text._ZN3vex10controller6button21_buttonToPressedEventEv
                0x0000000003809858       0x20 /Applications/VEXcode Pro V5.app/Contents/Resources/sdk/vexv5/libv5rt.a(vex_controller.cpp.obj)
                0x0000000003809858                vex::controller::button::_buttonToPressedEvent()
 .text._ZN3vex10controller6button22_buttonToReleasedEventEv
                0x0000000003809878       0x20 /Applications/VEXcode Pro V5.app/Contents/Resources/sdk/vexv5/libv5rt.a(vex_controller.cpp.obj)
                0x0000000003809878                vex::controller::button::_buttonToReleasedEvent()
 .text._ZN3vex10controller6buttonC2ENS0_11tButtonTypeEPS0_
                0x0000000003809898       0x48 /Applications/VEXcode Pro V5.app/Contents/Resources/sdk/vexv5/libv5rt.a(vex_controller.cpp.obj)
                0x0000000003809898                vex::controller::button::button(vex::controller::tButtonType, vex::controller*)
                0x0000000003809898                vex::controller::button::button(vex::controller::tButtonType, vex::controller*)
 .text._ZN3vex10controller4axis5valueEv
                0x00000000038098e0       0x58 /Applications/VEXcode Pro V5.app/Contents/Resources/sdk/vexv5/libv5rt.a(vex_controller.cpp.obj)
                0x00000000038098e0                vex::controller::axis::value()
 .text._ZN3vex10controller4axis8positionENS_12percentUnitsE
                0x0000000003809938       0x1c /Applications/VEXcode Pro V5.app/Contents/Resources/sdk/vexv5/libv5rt.a(vex_controller.cpp.obj)
                0x0000000003809938                vex::controller::axis::position(vex::percentUnits)
 .text._ZN3vex10controller4axis23_joystickToChangedEventEv
                0x0000000003809954       0x20 /Applications/VEXcode Pro V5.app/Contents/Resources/sdk/vexv5/libv5rt.a(vex_controller.cpp.obj)
                0x0000000003809954                vex::controller::axis::_joystickToChangedEvent()
 .text._ZN3vex10controller4axisC2ENS0_9tAxisTypeEPS0_
                0x0000000003809974       0x2c /Applications/VEXcode Pro V5.app/Contents/Resources/sdk/vexv5/libv5rt.a(vex_controller.cpp.obj)
                0x0000000003809974                vex::controller::axis::axis(vex::controller::tAxisType, vex::controller*)
                0x0000000003809974                vex::controller::axis::axis(vex::controller::tAxisType, vex::controller*)
 .text._ZN3vex10controllerC2ENS_14controllerTypeE
                0x00000000038099a0      0x204 /Applications/VEXcode Pro V5.app/Contents/Resources/sdk/vexv5/libv5rt.a(vex_controller.cpp.obj)
                0x00000000038099a0                vex::controller::controller(vex::controllerType)
                0x00000000038099a0                vex::controller::controller(vex::controllerType)
 .text._ZN3vex10controller3lcd15getControllerIdEv
                0x0000000003809ba4       0x10 /Applications/VEXcode Pro V5.app/Contents/Resources/sdk/vexv5/libv5rt.a(vex_controller.cpp.obj)
                0x0000000003809ba4                vex::controller::lcd::getControllerId()
 .text._ZN3vex10controller3lcd9setCursorEll
                0x0000000003809bb4       0x40 /Applications/VEXcode Pro V5.app/Contents/Resources/sdk/vexv5/libv5rt.a(vex_controller.cpp.obj)
                0x0000000003809bb4                vex::controller::lcd::setCursor(long, long)
 .text._ZN3vex10controller3lcd5printEPKcz
                0x0000000003809bf4       0x80 /Applications/VEXcode Pro V5.app/Contents/Resources/sdk/vexv5/libv5rt.a(vex_controller.cpp.obj)
                0x0000000003809bf4                vex::controller::lcd::print(char const*, ...)
 .text._ZN3vex10controller3lcd9clearLineEi
                0x0000000003809c74       0x80 /Applications/VEXcode Pro V5.app/Contents/Resources/sdk/vexv5/libv5rt.a(vex_controller.cpp.obj)
                0x0000000003809c74                vex::controller::lcd::clearLine(int)
 .text._ZN3vex10controller3lcd11clearScreenEv
                0x0000000003809cf4       0x5c /Applications/VEXcode Pro V5.app/Contents/Resources/sdk/vexv5/libv5rt.a(vex_controller.cpp.obj)
                0x0000000003809cf4                vex::controller::lcd::clearScreen()
 .text._ZN3vex10controller3lcd7newLineEv
                0x0000000003809d50       0x20 /Applications/VEXcode Pro V5.app/Contents/Resources/sdk/vexv5/libv5rt.a(vex_controller.cpp.obj)
                0x0000000003809d50                vex::controller::lcd::newLine()
 .text._ZN3vex4taskC2EPFivE
                0x0000000003809d70       0x5c /Applications/VEXcode Pro V5.app/Contents/Resources/sdk/vexv5/libv5rt.a(vex_task.cpp.obj)
                0x0000000003809d70                vex::task::task(int (*)())
                0x0000000003809d70                vex::task::task(int (*)())
 .text._ZN3vex4taskD2Ev
                0x0000000003809dcc        0x4 /Applications/VEXcode Pro V5.app/Contents/Resources/sdk/vexv5/libv5rt.a(vex_task.cpp.obj)
                0x0000000003809dcc                vex::task::~task()
                0x0000000003809dcc                vex::task::~task()
 .text._ZN3vex4task4stopERKS0_
                0x0000000003809dd0       0x18 /Applications/VEXcode Pro V5.app/Contents/Resources/sdk/vexv5/libv5rt.a(vex_task.cpp.obj)
                0x0000000003809dd0                vex::task::stop(vex::task const&)
 .text._ZN3vex4task5sleepEm
                0x0000000003809de8        0x4 /Applications/VEXcode Pro V5.app/Contents/Resources/sdk/vexv5/libv5rt.a(vex_task.cpp.obj)
                0x0000000003809de8                vex::task::sleep(unsigned long)
 .text._ZN3vex4task6_indexEPFivE
                0x0000000003809dec       0x14 /Applications/VEXcode Pro V5.app/Contents/Resources/sdk/vexv5/libv5rt.a(vex_task.cpp.obj)
                0x0000000003809dec                vex::task::_index(int (*)())
 .text._ZN3vex4task8_stopAllEv
                0x0000000003809e00       0x3c /Applications/VEXcode Pro V5.app/Contents/Resources/sdk/vexv5/libv5rt.a(vex_task.cpp.obj)
                0x0000000003809e00                vex::task::_stopAll()
 .text._ZN3vex11this_thread9sleep_forEm
                0x0000000003809e3c        0x4 /Applications/VEXcode Pro V5.app/Contents/Resources/sdk/vexv5/libv5rt.a(vex_thread.cpp.obj)
                0x0000000003809e3c                vex::this_thread::sleep_for(unsigned long)
 .text._ZN3vex5event4initEmmPFvvE
                0x0000000003809e40        0x4 /Applications/VEXcode Pro V5.app/Contents/Resources/sdk/vexv5/libv5rt.a(vex_event.cpp.obj)
                0x0000000003809e40                vex::event::init(unsigned long, unsigned long, void (*)())
 .text._ZN3vex5event4initEmmPFvPvES1_
                0x0000000003809e44        0x4 /Applications/VEXcode Pro V5.app/Contents/Resources/sdk/vexv5/libv5rt.a(vex_event.cpp.obj)
                0x0000000003809e44                vex::event::init(unsigned long, unsigned long, void (*)(void*), void*)
 .text._ZN3vex5event9userindexEv
                0x0000000003809e48        0x4 /Applications/VEXcode Pro V5.app/Contents/Resources/sdk/vexv5/libv5rt.a(vex_event.cpp.obj)
                0x0000000003809e48                vex::event::userindex()
 .text._ZZN3vex6meventC4EmmENUlvE_4_FUNEv
                0x0000000003809e4c        0x4 /Applications/VEXcode Pro V5.app/Contents/Resources/sdk/vexv5/libv5rt.a(vex_mevent.cpp.obj)
 .text._ZN3vex6meventC2Emm
                0x0000000003809e50       0x70 /Applications/VEXcode Pro V5.app/Contents/Resources/sdk/vexv5/libv5rt.a(vex_mevent.cpp.obj)
                0x0000000003809e50                vex::mevent::mevent(unsigned long, unsigned long)
                0x0000000003809e50                vex::mevent::mevent(unsigned long, unsigned long)
 .text._ZN3vex5brain9_getIndexEv
                0x0000000003809ec0       0x10 /Applications/VEXcode Pro V5.app/Contents/Resources/sdk/vexv5/libv5rt.a(vex_brain.cpp.obj)
                0x0000000003809ec0                vex::brain::_getIndex()
 .text._ZN3vex5brain3lcd9setCursorEll
                0x0000000003809ed0       0x44 /Applications/VEXcode Pro V5.app/Contents/Resources/sdk/vexv5/libv5rt.a(vex_brain.cpp.obj)
                0x0000000003809ed0                vex::brain::lcd::setCursor(long, long)
 .text._ZN3vex5brain3lcd7setFontENS_8fontTypeE
                0x0000000003809f14      0x23c /Applications/VEXcode Pro V5.app/Contents/Resources/sdk/vexv5/libv5rt.a(vex_brain.cpp.obj)
                0x0000000003809f14                vex::brain::lcd::setFont(vex::fontType)
 .text._ZN3vex5brain3lcdC2Ev
                0x000000000380a150       0x94 /Applications/VEXcode Pro V5.app/Contents/Resources/sdk/vexv5/libv5rt.a(vex_brain.cpp.obj)
                0x000000000380a150                vex::brain::lcd::lcd()
                0x000000000380a150                vex::brain::lcd::lcd()
 .text._ZN3vex5brainC2Ev
                0x000000000380a1e4       0x38 /Applications/VEXcode Pro V5.app/Contents/Resources/sdk/vexv5/libv5rt.a(vex_brain.cpp.obj)
                0x000000000380a1e4                vex::brain::brain()
                0x000000000380a1e4                vex::brain::brain()
 .text._ZN3vex5brain3lcd12_clearScreenEm
                0x000000000380a21c       0x38 /Applications/VEXcode Pro V5.app/Contents/Resources/sdk/vexv5/libv5rt.a(vex_brain.cpp.obj)
                0x000000000380a21c                vex::brain::lcd::_clearScreen(unsigned long)
 .text._ZN3vex5brain3lcd11clearScreenERKNS_5colorE
                0x000000000380a254       0x20 /Applications/VEXcode Pro V5.app/Contents/Resources/sdk/vexv5/libv5rt.a(vex_brain.cpp.obj)
                0x000000000380a254                vex::brain::lcd::clearScreen(vex::color const&)
 .text._ZN3vex5brain3lcd11clearScreenEv
                0x000000000380a274       0x2c /Applications/VEXcode Pro V5.app/Contents/Resources/sdk/vexv5/libv5rt.a(vex_brain.cpp.obj)
                0x000000000380a274                vex::brain::lcd::clearScreen()
 .text._ZN3vex5brain3lcd7newLineEv
                0x000000000380a2a0       0x20 /Applications/VEXcode Pro V5.app/Contents/Resources/sdk/vexv5/libv5rt.a(vex_brain.cpp.obj)
                0x000000000380a2a0                vex::brain::lcd::newLine()
 .text._ZN3vex5brain3lcd10rowToPixelEl
                0x000000000380a2c0       0x34 /Applications/VEXcode Pro V5.app/Contents/Resources/sdk/vexv5/libv5rt.a(vex_brain.cpp.obj)
                0x000000000380a2c0                vex::brain::lcd::rowToPixel(long)
 .text._ZN3vex5brain3lcd5printEPKcz
                0x000000000380a2f4       0xb8 /Applications/VEXcode Pro V5.app/Contents/Resources/sdk/vexv5/libv5rt.a(vex_brain.cpp.obj)
                0x000000000380a2f4                vex::brain::lcd::print(char const*, ...)
 .text._ZN3vex5brainD2Ev
                0x000000000380a3ac       0x20 /Applications/VEXcode Pro V5.app/Contents/Resources/sdk/vexv5/libv5rt.a(vex_brain.cpp.obj)
                0x000000000380a3ac                vex::brain::~brain()
                0x000000000380a3ac                vex::brain::~brain()
 .text._ZN3vex11competition11_autonomousEv
                0x000000000380a3cc       0x90 /Applications/VEXcode Pro V5.app/Contents/Resources/sdk/vexv5/libv5rt.a(vex_competition.cpp.obj)
                0x000000000380a3cc                vex::competition::_autonomous()
 .text._ZN3vex11competition14_drivercontrolEv
                0x000000000380a45c       0x90 /Applications/VEXcode Pro V5.app/Contents/Resources/sdk/vexv5/libv5rt.a(vex_competition.cpp.obj)
                0x000000000380a45c                vex::competition::_drivercontrol()
 .text._ZN3vex11competition8_disableEPv
                0x000000000380a4ec       0xc8 /Applications/VEXcode Pro V5.app/Contents/Resources/sdk/vexv5/libv5rt.a(vex_competition.cpp.obj)
                0x000000000380a4ec                vex::competition::_disable(void*)
 .text._ZN3vex11competitionC2Ev
                0x000000000380a5b4      0x13c /Applications/VEXcode Pro V5.app/Contents/Resources/sdk/vexv5/libv5rt.a(vex_competition.cpp.obj)
                0x000000000380a5b4                vex::competition::competition()
                0x000000000380a5b4                vex::competition::competition()
 .text._ZN3vex11competitionD2Ev
                0x000000000380a6f0        0x4 /Applications/VEXcode Pro V5.app/Contents/Resources/sdk/vexv5/libv5rt.a(vex_competition.cpp.obj)
                0x000000000380a6f0                vex::competition::~competition()
                0x000000000380a6f0                vex::competition::~competition()
 .text._ZN3vex11competition10autonomousEPFvvE
                0x000000000380a6f4       0x44 /Applications/VEXcode Pro V5.app/Contents/Resources/sdk/vexv5/libv5rt.a(vex_competition.cpp.obj)
                0x000000000380a6f4                vex::competition::autonomous(void (*)())
 .text._ZN3vex11competition13drivercontrolEPFvvE
                0x000000000380a738       0x44 /Applications/VEXcode Pro V5.app/Contents/Resources/sdk/vexv5/libv5rt.a(vex_competition.cpp.obj)
                0x000000000380a738                vex::competition::drivercontrol(void (*)())
 .text._ZN3vex7triportD2Ev
                0x000000000380a77c       0x38 /Applications/VEXcode Pro V5.app/Contents/Resources/sdk/vexv5/libv5rt.a(vex_triport.cpp.obj)
                0x000000000380a77c                vex::triport::~triport()
                0x000000000380a77c                vex::triport::~triport()
 .text._ZN3vex7triportD0Ev
                0x000000000380a7b4       0x1c /Applications/VEXcode Pro V5.app/Contents/Resources/sdk/vexv5/libv5rt.a(vex_triport.cpp.obj)
                0x000000000380a7b4                vex::triport::~triport()
 .text._ZN3vex7triport9installedEv
                0x000000000380a7d0       0x18 /Applications/VEXcode Pro V5.app/Contents/Resources/sdk/vexv5/libv5rt.a(vex_triport.cpp.obj)
                0x000000000380a7d0                vex::triport::installed()
 .text._ZN3vex7triport4portC2ElPS0_
                0x000000000380a7e8       0x74 /Applications/VEXcode Pro V5.app/Contents/Resources/sdk/vexv5/libv5rt.a(vex_triport.cpp.obj)
                0x000000000380a7e8                vex::triport::port::port(long, vex::triport*)
                0x000000000380a7e8                vex::triport::port::port(long, vex::triport*)
 .text._ZN3vex7triportC2El
                0x000000000380a85c       0xf0 /Applications/VEXcode Pro V5.app/Contents/Resources/sdk/vexv5/libv5rt.a(vex_triport.cpp.obj)
                0x000000000380a85c                vex::triport::triport(long)
                0x000000000380a85c                vex::triport::triport(long)
 .text._ZN3vex7triport4port4typeENS_11triportTypeE
                0x000000000380a94c       0x30 /Applications/VEXcode Pro V5.app/Contents/Resources/sdk/vexv5/libv5rt.a(vex_triport.cpp.obj)
                0x000000000380a94c                vex::triport::port::type(vex::triportType)
 .text._ZN3vex7triport4port4typeEv
                0x000000000380a97c       0x38 /Applications/VEXcode Pro V5.app/Contents/Resources/sdk/vexv5/libv5rt.a(vex_triport.cpp.obj)
                0x000000000380a97c                vex::triport::port::type()
 .text._ZN3vex7triport4port5valueEl
                0x000000000380a9b4       0x18 /Applications/VEXcode Pro V5.app/Contents/Resources/sdk/vexv5/libv5rt.a(vex_triport.cpp.obj)
                0x000000000380a9b4                vex::triport::port::value(long)
 .text._ZN3vex11__trideviceC2ERNS_7triport4portENS_11triportTypeE
                0x000000000380a9cc       0x5c /Applications/VEXcode Pro V5.app/Contents/Resources/sdk/vexv5/libv5rt.a(vex_triport.cpp.obj)
                0x000000000380a9cc                vex::__tridevice::__tridevice(vex::triport::port&, vex::triportType)
                0x000000000380a9cc                vex::__tridevice::__tridevice(vex::triport::port&, vex::triportType)
 .text._ZN3vex11digital_outC2ERNS_7triport4portE
                0x000000000380aa28       0x18 /Applications/VEXcode Pro V5.app/Contents/Resources/sdk/vexv5/libv5rt.a(vex_triport.cpp.obj)
                0x000000000380aa28                vex::digital_out::digital_out(vex::triport::port&)
                0x000000000380aa28                vex::digital_out::digital_out(vex::triport::port&)
 .text._ZN3vex11digital_outD2Ev
                0x000000000380aa40        0x4 /Applications/VEXcode Pro V5.app/Contents/Resources/sdk/vexv5/libv5rt.a(vex_triport.cpp.obj)
                0x000000000380aa40                vex::digital_out::~digital_out()
                0x000000000380aa40                vex::digital_out::~digital_out()
 .text._ZN3vex11digital_out3setEb
                0x000000000380aa44        0x8 /Applications/VEXcode Pro V5.app/Contents/Resources/sdk/vexv5/libv5rt.a(vex_triport.cpp.obj)
                0x000000000380aa44                vex::digital_out::set(bool)
 .text._ZN3vex7encoderC2ERNS_7triport4portE
                0x000000000380aa4c       0x20 /Applications/VEXcode Pro V5.app/Contents/Resources/sdk/vexv5/libv5rt.a(vex_triport.cpp.obj)
                0x000000000380aa4c                vex::encoder::encoder(vex::triport::port&)
                0x000000000380aa4c                vex::encoder::encoder(vex::triport::port&)
 .text._ZN3vex7encoderD2Ev
                0x000000000380aa6c        0x4 /Applications/VEXcode Pro V5.app/Contents/Resources/sdk/vexv5/libv5rt.a(vex_triport.cpp.obj)
                0x000000000380aa6c                vex::encoder::~encoder()
                0x000000000380aa6c                vex::encoder::~encoder()
 .text.startup._GLOBAL__sub_I__ZN3vex7triportC2El
                0x000000000380aa70       0x30 /Applications/VEXcode Pro V5.app/Contents/Resources/sdk/vexv5/libv5rt.a(vex_triport.cpp.obj)
 .text._ZN3vex5colorD2Ev
                0x000000000380aaa0        0x4 /Applications/VEXcode Pro V5.app/Contents/Resources/sdk/vexv5/libv5rt.a(vex_color.cpp.obj)
                0x000000000380aaa0                vex::color::~color()
                0x000000000380aaa0                vex::color::~color()
 .text._ZNK3vex5colorcvmEv
                0x000000000380aaa4        0x8 /Applications/VEXcode Pro V5.app/Contents/Resources/sdk/vexv5/libv5rt.a(vex_color.cpp.obj)
                0x000000000380aaa4                vex::color::operator unsigned long() const
 .text.startup._GLOBAL__sub_I__ZN3vex5color5blackE
                0x000000000380aaac      0x164 /Applications/VEXcode Pro V5.app/Contents/Resources/sdk/vexv5/libv5rt.a(vex_color.cpp.obj)
 .text._ZN3vex5timerD2Ev
                0x000000000380ac10        0x4 /Applications/VEXcode Pro V5.app/Contents/Resources/sdk/vexv5/libv5rt.a(vex_timer.cpp.obj)
                0x000000000380ac10                vex::timer::~timer()
                0x000000000380ac10                vex::timer::~timer()
 .text._ZN3vex5timer5clearEv
                0x000000000380ac14       0x1c /Applications/VEXcode Pro V5.app/Contents/Resources/sdk/vexv5/libv5rt.a(vex_timer.cpp.obj)
                0x000000000380ac14                vex::timer::clear()
 .text._ZN3vex5timerC2Ev
                0x000000000380ac30       0x14 /Applications/VEXcode Pro V5.app/Contents/Resources/sdk/vexv5/libv5rt.a(vex_timer.cpp.obj)
                0x000000000380ac30                vex::timer::timer()
                0x000000000380ac30                vex::timer::timer()
 .text._ZN3vex11motor_group18motor_group_motorsC2Ev
                0x000000000380ac44       0x28 /Applications/VEXcode Pro V5.app/Contents/Resources/sdk/vexv5/libv5rt.a(vex_motorgroup.cpp.obj)
                0x000000000380ac44                vex::motor_group::motor_group_motors::motor_group_motors()
                0x000000000380ac44                vex::motor_group::motor_group_motors::motor_group_motors()
 .text._ZN3vex11motor_groupC2Ev
                0x000000000380ac6c       0x1c /Applications/VEXcode Pro V5.app/Contents/Resources/sdk/vexv5/libv5rt.a(vex_motorgroup.cpp.obj)
                0x000000000380ac6c                vex::motor_group::motor_group()
                0x000000000380ac6c                vex::motor_group::motor_group()
 .text._ZN3vex11motor_groupD2Ev
                0x000000000380ac88        0x4 /Applications/VEXcode Pro V5.app/Contents/Resources/sdk/vexv5/libv5rt.a(vex_motorgroup.cpp.obj)
                0x000000000380ac88                vex::motor_group::~motor_group()
                0x000000000380ac88                vex::motor_group::~motor_group()
 .text._ZN3vex11motor_group9_addMotorERNS_5motorE
                0x000000000380ac8c       0x20 /Applications/VEXcode Pro V5.app/Contents/Resources/sdk/vexv5/libv5rt.a(vex_motorgroup.cpp.obj)
                0x000000000380ac8c                vex::motor_group::_addMotor(vex::motor&)
 .text._ZN3vex11motor_group11setStoppingENS_9brakeTypeE
                0x000000000380acac       0x38 /Applications/VEXcode Pro V5.app/Contents/Resources/sdk/vexv5/libv5rt.a(vex_motorgroup.cpp.obj)
                0x000000000380acac                vex::motor_group::setStopping(vex::brakeType)
 .text._ZN3vex11motor_group13resetRotationEv
                0x000000000380ace4       0x30 /Applications/VEXcode Pro V5.app/Contents/Resources/sdk/vexv5/libv5rt.a(vex_motorgroup.cpp.obj)
                0x000000000380ace4                vex::motor_group::resetRotation()
 .text._ZN3vex11motor_group13resetPositionEv
                0x000000000380ad14        0x4 /Applications/VEXcode Pro V5.app/Contents/Resources/sdk/vexv5/libv5rt.a(vex_motorgroup.cpp.obj)
                0x000000000380ad14                vex::motor_group::resetPosition()
 .text._ZN3vex11motor_group4spinENS_13directionTypeEdNS_12voltageUnitsE
                0x000000000380ad18       0x54 /Applications/VEXcode Pro V5.app/Contents/Resources/sdk/vexv5/libv5rt.a(vex_motorgroup.cpp.obj)
                0x000000000380ad18                vex::motor_group::spin(vex::directionType, double, vex::voltageUnits)
 .text._ZN3vex11motor_group8rotationENS_13rotationUnitsE
                0x000000000380ad6c        0xc /Applications/VEXcode Pro V5.app/Contents/Resources/sdk/vexv5/libv5rt.a(vex_motorgroup.cpp.obj)
                0x000000000380ad6c                vex::motor_group::rotation(vex::rotationUnits)
 .text._ZN3vex11motor_group8positionENS_13rotationUnitsE
                0x000000000380ad78        0x4 /Applications/VEXcode Pro V5.app/Contents/Resources/sdk/vexv5/libv5rt.a(vex_motorgroup.cpp.obj)
                0x000000000380ad78                vex::motor_group::position(vex::rotationUnits)
 .text._ZN3vex11motor_group8velocityENS_13velocityUnitsE
                0x000000000380ad7c        0xc /Applications/VEXcode Pro V5.app/Contents/Resources/sdk/vexv5/libv5rt.a(vex_motorgroup.cpp.obj)
                0x000000000380ad7c                vex::motor_group::velocity(vex::velocityUnits)
 .text.vexAdiPortConfigSet
                0x000000000380ad88       0x28 /Applications/VEXcode Pro V5.app/Contents/Resources/sdk/vexv5/libv5rt.a(v5_apiuser.c.obj)
                0x000000000380ad88                vexAdiPortConfigSet
 .text.vexAdiPortConfigGet
                0x000000000380adb0       0x28 /Applications/VEXcode Pro V5.app/Contents/Resources/sdk/vexv5/libv5rt.a(v5_apiuser.c.obj)
                0x000000000380adb0                vexAdiPortConfigGet
 .text.vexAdiValueSet
                0x000000000380add8       0x28 /Applications/VEXcode Pro V5.app/Contents/Resources/sdk/vexv5/libv5rt.a(v5_apiuser.c.obj)
                0x000000000380add8                vexAdiValueSet
 .text.vexMotorVelocitySet
                0x000000000380ae00       0x20 /Applications/VEXcode Pro V5.app/Contents/Resources/sdk/vexv5/libv5rt.a(v5_apiuser.c.obj)
                0x000000000380ae00                vexMotorVelocitySet
 .text.vexMotorVoltageSet
                0x000000000380ae20       0x20 /Applications/VEXcode Pro V5.app/Contents/Resources/sdk/vexv5/libv5rt.a(v5_apiuser.c.obj)
                0x000000000380ae20                vexMotorVoltageSet
 .text.vexMotorActualVelocityGet
                0x000000000380ae40       0x24 /Applications/VEXcode Pro V5.app/Contents/Resources/sdk/vexv5/libv5rt.a(v5_apiuser.c.obj)
                0x000000000380ae40                vexMotorActualVelocityGet
 .text.vexMotorReverseFlagSet
                0x000000000380ae64       0x20 /Applications/VEXcode Pro V5.app/Contents/Resources/sdk/vexv5/libv5rt.a(v5_apiuser.c.obj)
                0x000000000380ae64                vexMotorReverseFlagSet
 .text.vexMotorEncoderUnitsSet
                0x000000000380ae84       0x20 /Applications/VEXcode Pro V5.app/Contents/Resources/sdk/vexv5/libv5rt.a(v5_apiuser.c.obj)
                0x000000000380ae84                vexMotorEncoderUnitsSet
 .text.vexMotorBrakeModeSet
                0x000000000380aea4       0x20 /Applications/VEXcode Pro V5.app/Contents/Resources/sdk/vexv5/libv5rt.a(v5_apiuser.c.obj)
                0x000000000380aea4                vexMotorBrakeModeSet
 .text.vexMotorPositionSet
                0x000000000380aec4       0x28 /Applications/VEXcode Pro V5.app/Contents/Resources/sdk/vexv5/libv5rt.a(v5_apiuser.c.obj)
                0x000000000380aec4                vexMotorPositionSet
 .text.vexMotorPositionGet
                0x000000000380aeec       0x24 /Applications/VEXcode Pro V5.app/Contents/Resources/sdk/vexv5/libv5rt.a(v5_apiuser.c.obj)
                0x000000000380aeec                vexMotorPositionGet
 .text.vexMotorGearingSet
                0x000000000380af10       0x20 /Applications/VEXcode Pro V5.app/Contents/Resources/sdk/vexv5/libv5rt.a(v5_apiuser.c.obj)
                0x000000000380af10                vexMotorGearingSet
 .text.vexMotorGearingGet
                0x000000000380af30       0x18 /Applications/VEXcode Pro V5.app/Contents/Resources/sdk/vexv5/libv5rt.a(v5_apiuser.c.obj)
                0x000000000380af30                vexMotorGearingGet
 .text.vexImuReset
                0x000000000380af48       0x10 /Applications/VEXcode Pro V5.app/Contents/Resources/sdk/vexv5/libv5rt.a(v5_apiuser.c.obj)
                0x000000000380af48                vexImuReset
 .text.vexImuHeadingGet
                0x000000000380af58       0x10 /Applications/VEXcode Pro V5.app/Contents/Resources/sdk/vexv5/libv5rt.a(v5_apiuser.c.obj)
                0x000000000380af58                vexImuHeadingGet
 .text.vexImuDegreesGet
                0x000000000380af68       0x10 /Applications/VEXcode Pro V5.app/Contents/Resources/sdk/vexv5/libv5rt.a(v5_apiuser.c.obj)
                0x000000000380af68                vexImuDegreesGet
 .text.vexImuStatusGet
                0x000000000380af78       0x10 /Applications/VEXcode Pro V5.app/Contents/Resources/sdk/vexv5/libv5rt.a(v5_apiuser.c.obj)
                0x000000000380af78                vexImuStatusGet
 .text.vexAbsEncAngleGet
                0x000000000380af88       0x10 /Applications/VEXcode Pro V5.app/Contents/Resources/sdk/vexv5/libv5rt.a(v5_apiuser.c.obj)
                0x000000000380af88                vexAbsEncAngleGet
 .text.vexAbsEncReverseFlagSet
                0x000000000380af98       0x18 /Applications/VEXcode Pro V5.app/Contents/Resources/sdk/vexv5/libv5rt.a(v5_apiuser.c.obj)
                0x000000000380af98                vexAbsEncReverseFlagSet
 .text.vexDistanceDistanceGet
                0x000000000380afb0       0x10 /Applications/VEXcode Pro V5.app/Contents/Resources/sdk/vexv5/libv5rt.a(v5_apiuser.c.obj)
                0x000000000380afb0                vexDistanceDistanceGet
 .text.vexEventMaskSet
                0x000000000380afc0       0x28 /Applications/VEXcode Pro V5.app/Contents/Resources/sdk/vexv5/libv5rt.a(v5_apiuser.c.obj)
                0x000000000380afc0                vexEventMaskSet
 .text.vexEventMaskGet
                0x000000000380afe8       0x18 /Applications/VEXcode Pro V5.app/Contents/Resources/sdk/vexv5/libv5rt.a(v5_apiuser.c.obj)
                0x000000000380afe8                vexEventMaskGet
 .text._ZN3vex6deviceD2Ev
                0x000000000380b000        0x4 /Applications/VEXcode Pro V5.app/Contents/Resources/sdk/vexv5/libv5rt.a(vex_device.cpp.obj)
                0x000000000380b000                vex::device::~device()
                0x000000000380b000                vex::device::~device()
 .text._ZN3vex6device5valueEv
                0x000000000380b004        0x8 /Applications/VEXcode Pro V5.app/Contents/Resources/sdk/vexv5/libv5rt.a(vex_device.cpp.obj)
                0x000000000380b004                vex::device::value()
 .text._ZN3vex6deviceD0Ev
                0x000000000380b00c       0x14 /Applications/VEXcode Pro V5.app/Contents/Resources/sdk/vexv5/libv5rt.a(vex_device.cpp.obj)
                0x000000000380b00c                vex::device::~device()
 .text._ZN3vex6device4initEl
                0x000000000380b020       0x30 /Applications/VEXcode Pro V5.app/Contents/Resources/sdk/vexv5/libv5rt.a(vex_device.cpp.obj)
                0x000000000380b020                vex::device::init(long)
 .text._ZN3vex6deviceC2El
                0x000000000380b050       0x20 /Applications/VEXcode Pro V5.app/Contents/Resources/sdk/vexv5/libv5rt.a(vex_device.cpp.obj)
                0x000000000380b050                vex::device::device(long)
                0x000000000380b050                vex::device::device(long)
 .text._ZN3vex6device4typeEv
                0x000000000380b070       0x10 /Applications/VEXcode Pro V5.app/Contents/Resources/sdk/vexv5/libv5rt.a(vex_device.cpp.obj)
                0x000000000380b070                vex::device::type()
 .text._ZN3vex6device9installedEv
                0x000000000380b080       0x14 /Applications/VEXcode Pro V5.app/Contents/Resources/sdk/vexv5/libv5rt.a(vex_device.cpp.obj)
                0x000000000380b080                vex::device::installed()
 .text.__libc_fini_array
                0x000000000380b094       0x30 /Applications/VEXcode Pro V5.app/Contents/Resources/sdk/vexv5/gcc/libs/libc.a(lib_a-fini.o)
                0x000000000380b094                __libc_fini_array
 .text.__libc_init_array
                0x000000000380b0c4       0x58 /Applications/VEXcode Pro V5.app/Contents/Resources/sdk/vexv5/gcc/libs/libc.a(lib_a-init.o)
                0x000000000380b0c4                __libc_init_array
 *fill*         0x000000000380b11c        0x4 
 .text.__libc_init_array.__stub
                0x000000000380b120       0x18 linker stubs
 *(.gnu.linkonce.t.*)
 *(.plt)
 *(.gnu_warning)
 *(.gcc_except_table)
 *(.glue_7)
 .glue_7        0x000000000380b138        0x0 linker stubs
 *(.glue_7t)
 .glue_7t       0x000000000380b138        0x0 linker stubs
 *(.vfp11_veneer)
 .vfp11_veneer  0x000000000380b138        0x0 linker stubs
 *(.ARM.extab)
 *(.gnu.linkonce.armextab.*)

.v4_bx          0x000000000380b138        0x0
 .v4_bx         0x000000000380b138        0x0 linker stubs

.iplt           0x000000000380b138        0x0
 .iplt          0x000000000380b138        0x0 build/src/auton.o

.init
 *(.init)

.fini
 *(.fini)

.rodata         0x000000000380b138      0x444
                0x000000000380b138                __rodata_start = .
 *(.rodata)
 *(.rodata.*)
 .rodata.str1.1
                0x000000000380b138       0xe9 build/src/auton.o
 .rodata.str1.1
                0x000000000380b221       0x84 build/src/main.o
                                         0xdb (size before relaxing)
 .rodata.str1.1
                0x000000000380b2a5       0x1c build/src/pid/pid-controller.o
                                         0x29 (size before relaxing)
 .rodata.str1.1
                0x000000000380b2c1       0xa3 build/src/pure-pursuit/pure-pursuit.o
                                         0xed (size before relaxing)
 .rodata.str1.1
                0x000000000380b364       0x2e /Applications/VEXcode Pro V5.app/Contents/Resources/sdk/vexv5/libv5rt.a(v5_startup.c.obj)
 *fill*         0x000000000380b392        0x2 
 .rodata._ZN3vex6PORT20E
                0x000000000380b394        0x4 /Applications/VEXcode Pro V5.app/Contents/Resources/sdk/vexv5/libv5rt.a(vex_global.cpp.obj)
                0x000000000380b394                vex::PORT20
 .rodata._ZN3vex5PORT3E
                0x000000000380b398        0x4 /Applications/VEXcode Pro V5.app/Contents/Resources/sdk/vexv5/libv5rt.a(vex_global.cpp.obj)
                0x000000000380b398                vex::PORT3
 .rodata._ZN3vex5PORT1E
                0x000000000380b39c        0x4 /Applications/VEXcode Pro V5.app/Contents/Resources/sdk/vexv5/libv5rt.a(vex_global.cpp.obj)
                0x000000000380b39c                vex::PORT1
 .rodata._ZN3vex7reverseE
                0x000000000380b3a0        0x4 /Applications/VEXcode Pro V5.app/Contents/Resources/sdk/vexv5/libv5rt.a(vex_global.cpp.obj)
                0x000000000380b3a0                vex::reverse
 .rodata._ZN3vex6PORT10E
                0x000000000380b3a4        0x4 /Applications/VEXcode Pro V5.app/Contents/Resources/sdk/vexv5/libv5rt.a(vex_global.cpp.obj)
                0x000000000380b3a4                vex::PORT10
 .rodata._ZN3vex7forwardE
                0x000000000380b3a8        0x4 /Applications/VEXcode Pro V5.app/Contents/Resources/sdk/vexv5/libv5rt.a(vex_global.cpp.obj)
                0x000000000380b3a8                vex::forward
 .rodata._ZN3vex6PORT14E
                0x000000000380b3ac        0x4 /Applications/VEXcode Pro V5.app/Contents/Resources/sdk/vexv5/libv5rt.a(vex_global.cpp.obj)
                0x000000000380b3ac                vex::PORT14
 .rodata._ZN3vex4msecE
                0x000000000380b3b0        0x4 /Applications/VEXcode Pro V5.app/Contents/Resources/sdk/vexv5/libv5rt.a(vex_global.cpp.obj)
                0x000000000380b3b0                vex::msec
 .rodata._ZN3vex6PORT18E
                0x000000000380b3b4        0x4 /Applications/VEXcode Pro V5.app/Contents/Resources/sdk/vexv5/libv5rt.a(vex_global.cpp.obj)
                0x000000000380b3b4                vex::PORT18
 .rodata._ZN3vex9ratio36_1E
                0x000000000380b3b8        0x4 /Applications/VEXcode Pro V5.app/Contents/Resources/sdk/vexv5/libv5rt.a(vex_global.cpp.obj)
                0x000000000380b3b8                vex::ratio36_1
 .rodata._ZN3vex5PORT2E
                0x000000000380b3bc        0x4 /Applications/VEXcode Pro V5.app/Contents/Resources/sdk/vexv5/libv5rt.a(vex_global.cpp.obj)
                0x000000000380b3bc                vex::PORT2
 .rodata._ZN3vex3dpsE
                0x000000000380b3c0        0x4 /Applications/VEXcode Pro V5.app/Contents/Resources/sdk/vexv5/libv5rt.a(vex_global.cpp.obj)
                0x000000000380b3c0                vex::dps
 .rodata._ZN3vex6PORT11E
                0x000000000380b3c4        0x4 /Applications/VEXcode Pro V5.app/Contents/Resources/sdk/vexv5/libv5rt.a(vex_global.cpp.obj)
                0x000000000380b3c4                vex::PORT11
 .rodata._ZN3vex5PORT6E
                0x000000000380b3c8        0x4 /Applications/VEXcode Pro V5.app/Contents/Resources/sdk/vexv5/libv5rt.a(vex_global.cpp.obj)
                0x000000000380b3c8                vex::PORT6
 .rodata._ZN3vex7primaryE
                0x000000000380b3cc        0x4 /Applications/VEXcode Pro V5.app/Contents/Resources/sdk/vexv5/libv5rt.a(vex_global.cpp.obj)
                0x000000000380b3cc                vex::primary
 .rodata._ZN3vex3degE
                0x000000000380b3d0        0x4 /Applications/VEXcode Pro V5.app/Contents/Resources/sdk/vexv5/libv5rt.a(vex_global.cpp.obj)
                0x000000000380b3d0                vex::deg
 .rodata._ZN3vex7percentE
                0x000000000380b3d4        0x4 /Applications/VEXcode Pro V5.app/Contents/Resources/sdk/vexv5/libv5rt.a(vex_global.cpp.obj)
                0x000000000380b3d4                vex::percent
 .rodata._ZN3vex6PORT19E
                0x000000000380b3d8        0x4 /Applications/VEXcode Pro V5.app/Contents/Resources/sdk/vexv5/libv5rt.a(vex_global.cpp.obj)
                0x000000000380b3d8                vex::PORT19
 .rodata._ZN3vex7degreesE
                0x000000000380b3dc        0x4 /Applications/VEXcode Pro V5.app/Contents/Resources/sdk/vexv5/libv5rt.a(vex_global.cpp.obj)
                0x000000000380b3dc                vex::degrees
 .rodata._ZN3vex6PORT22E
                0x000000000380b3e0        0x4 /Applications/VEXcode Pro V5.app/Contents/Resources/sdk/vexv5/libv5rt.a(vex_global.cpp.obj)
                0x000000000380b3e0                vex::PORT22
 .rodata._ZN3vex7partnerE
                0x000000000380b3e4        0x4 /Applications/VEXcode Pro V5.app/Contents/Resources/sdk/vexv5/libv5rt.a(vex_global.cpp.obj)
                0x000000000380b3e4                vex::partner
 .rodata._ZN3vex4holdE
                0x000000000380b3e8        0x4 /Applications/VEXcode Pro V5.app/Contents/Resources/sdk/vexv5/libv5rt.a(vex_global.cpp.obj)
                0x000000000380b3e8                vex::hold
 .rodata._ZN3vex5PORT7E
                0x000000000380b3ec        0x4 /Applications/VEXcode Pro V5.app/Contents/Resources/sdk/vexv5/libv5rt.a(vex_global.cpp.obj)
                0x000000000380b3ec                vex::PORT7
 .rodata._ZN3vex6PORT16E
                0x000000000380b3f0        0x4 /Applications/VEXcode Pro V5.app/Contents/Resources/sdk/vexv5/libv5rt.a(vex_global.cpp.obj)
                0x000000000380b3f0                vex::PORT16
 .rodata._ZN3vex8ratio6_1E
                0x000000000380b3f4        0x4 /Applications/VEXcode Pro V5.app/Contents/Resources/sdk/vexv5/libv5rt.a(vex_global.cpp.obj)
                0x000000000380b3f4                vex::ratio6_1
 .rodata._ZN3vex9ratio18_1E
                0x000000000380b3f8        0x4 /Applications/VEXcode Pro V5.app/Contents/Resources/sdk/vexv5/libv5rt.a(vex_global.cpp.obj)
                0x000000000380b3f8                vex::ratio18_1
 .rodata._ZN3vex6PORT17E
                0x000000000380b3fc        0x4 /Applications/VEXcode Pro V5.app/Contents/Resources/sdk/vexv5/libv5rt.a(vex_global.cpp.obj)
                0x000000000380b3fc                vex::PORT17
 .rodata._ZTVN3vex5motorE
                0x000000000380b400       0x18 /Applications/VEXcode Pro V5.app/Contents/Resources/sdk/vexv5/libv5rt.a(vex_motor.cpp.obj)
                0x000000000380b400                vtable for vex::motor
 .rodata._ZTVN3vex8inertialE
                0x000000000380b418       0x60 /Applications/VEXcode Pro V5.app/Contents/Resources/sdk/vexv5/libv5rt.a(vex_imu.cpp.obj)
                0x000000000380b418                vtable for vex::inertial
 .rodata._ZTVN3vex8rotationE
                0x000000000380b478       0x18 /Applications/VEXcode Pro V5.app/Contents/Resources/sdk/vexv5/libv5rt.a(vex_rotation.cpp.obj)
                0x000000000380b478                vtable for vex::rotation
 .rodata._ZTVN3vex8distanceE
                0x000000000380b490       0x18 /Applications/VEXcode Pro V5.app/Contents/Resources/sdk/vexv5/libv5rt.a(vex_distance.cpp.obj)
                0x000000000380b490                vtable for vex::distance
 .rodata.str1.1
                0x000000000380b4a8       0x1f /Applications/VEXcode Pro V5.app/Contents/Resources/sdk/vexv5/libv5rt.a(vex_controller.cpp.obj)
                                         0x20 (size before relaxing)
 .rodata.CSWTCH.16
                0x000000000380b4c7        0xb /Applications/VEXcode Pro V5.app/Contents/Resources/sdk/vexv5/libv5rt.a(vex_controller.cpp.obj)
 .rodata.CSWTCH.18
                0x000000000380b4d2        0xb /Applications/VEXcode Pro V5.app/Contents/Resources/sdk/vexv5/libv5rt.a(vex_controller.cpp.obj)
 .rodata.CSWTCH.24
                0x000000000380b4dd        0x3 /Applications/VEXcode Pro V5.app/Contents/Resources/sdk/vexv5/libv5rt.a(vex_controller.cpp.obj)
 .rodata.str1.1
                0x000000000380b4e0       0x14 /Applications/VEXcode Pro V5.app/Contents/Resources/sdk/vexv5/libv5rt.a(vex_task.cpp.obj)
 .rodata.str1.1
                0x000000000380b4f4       0x2d /Applications/VEXcode Pro V5.app/Contents/Resources/sdk/vexv5/libv5rt.a(vex_brain.cpp.obj)
 .rodata.CSWTCH.36
                0x000000000380b521       0x10 /Applications/VEXcode Pro V5.app/Contents/Resources/sdk/vexv5/libv5rt.a(vex_triport.cpp.obj)
 *fill*         0x000000000380b531        0x7 
 .rodata._ZTVN3vex7triportE
                0x000000000380b538       0x18 /Applications/VEXcode Pro V5.app/Contents/Resources/sdk/vexv5/libv5rt.a(vex_triport.cpp.obj)
                0x000000000380b538                vtable for vex::triport
 .rodata.CSWTCH.31
                0x000000000380b550        0xe /Applications/VEXcode Pro V5.app/Contents/Resources/sdk/vexv5/libv5rt.a(vex_triport.cpp.obj)
 *fill*         0x000000000380b55e        0x2 